Component: ARM Compiler 5.06 update 7 (build 960) Tool: armlink [4d3601]

==============================================================================

Section Cross References

    at32f421_clock.o(i.system_clock_config) refers to at32f421_crm.o(i.crm_reset) for crm_reset
    at32f421_clock.o(i.system_clock_config) refers to at32f421_crm.o(i.crm_clock_source_enable) for crm_clock_source_enable
    at32f421_clock.o(i.system_clock_config) refers to at32f421_crm.o(i.crm_hext_stable_wait) for crm_hext_stable_wait
    at32f421_clock.o(i.system_clock_config) refers to at32f421_crm.o(i.crm_pll_config) for crm_pll_config
    at32f421_clock.o(i.system_clock_config) refers to at32f421_crm.o(i.crm_flag_get) for crm_flag_get
    at32f421_clock.o(i.system_clock_config) refers to at32f421_crm.o(i.crm_ahb_div_set) for crm_ahb_div_set
    at32f421_clock.o(i.system_clock_config) refers to at32f421_crm.o(i.crm_apb2_div_set) for crm_apb2_div_set
    at32f421_clock.o(i.system_clock_config) refers to at32f421_crm.o(i.crm_apb1_div_set) for crm_apb1_div_set
    at32f421_clock.o(i.system_clock_config) refers to at32f421_crm.o(i.crm_auto_step_mode_enable) for crm_auto_step_mode_enable
    at32f421_clock.o(i.system_clock_config) refers to at32f421_crm.o(i.crm_sysclk_switch) for crm_sysclk_switch
    at32f421_clock.o(i.system_clock_config) refers to at32f421_crm.o(i.crm_sysclk_switch_status_get) for crm_sysclk_switch_status_get
    at32f421_clock.o(i.system_clock_config) refers to system_at32f421.o(i.system_core_clock_update) for system_core_clock_update
    startup_at32f421.o(STACK) refers (Special) to heapauxi.o(.text) for __use_two_region_memory
    startup_at32f421.o(HEAP) refers (Special) to heapauxi.o(.text) for __use_two_region_memory
    startup_at32f421.o(RESET) refers (Special) to heapauxi.o(.text) for __use_two_region_memory
    startup_at32f421.o(RESET) refers to startup_at32f421.o(STACK) for __initial_sp
    startup_at32f421.o(RESET) refers to startup_at32f421.o(.text) for Reset_Handler
    startup_at32f421.o(RESET) refers to at32f421_int.o(i.NMI_Handler) for NMI_Handler
    startup_at32f421.o(RESET) refers to at32f421_int.o(i.HardFault_Handler) for HardFault_Handler
    startup_at32f421.o(RESET) refers to at32f421_int.o(i.MemManage_Handler) for MemManage_Handler
    startup_at32f421.o(RESET) refers to at32f421_int.o(i.BusFault_Handler) for BusFault_Handler
    startup_at32f421.o(RESET) refers to at32f421_int.o(i.UsageFault_Handler) for UsageFault_Handler
    startup_at32f421.o(RESET) refers to at32f421_int.o(i.SVC_Handler) for SVC_Handler
    startup_at32f421.o(RESET) refers to at32f421_int.o(i.DebugMon_Handler) for DebugMon_Handler
    startup_at32f421.o(RESET) refers to at32f421_int.o(i.PendSV_Handler) for PendSV_Handler
    startup_at32f421.o(RESET) refers to at32f421_int.o(i.SysTick_Handler) for SysTick_Handler
    startup_at32f421.o(.text) refers (Special) to heapauxi.o(.text) for __use_two_region_memory
    startup_at32f421.o(.text) refers to system_at32f421.o(i.SystemInit) for SystemInit
    startup_at32f421.o(.text) refers to __main.o(!!!main) for __main
    startup_at32f421.o(.text) refers to startup_at32f421.o(HEAP) for Heap_Mem
    startup_at32f421.o(.text) refers to startup_at32f421.o(STACK) for Stack_Mem
    system_at32f421.o(i.system_core_clock_update) refers to at32f421_crm.o(i.crm_sysclk_switch_status_get) for crm_sysclk_switch_status_get
    system_at32f421.o(i.system_core_clock_update) refers to lludivv7m.o(.text) for __aeabi_uldivmod
    system_at32f421.o(i.system_core_clock_update) refers to system_at32f421.o(.data) for system_core_clock
    system_at32f421.o(i.system_core_clock_update) refers to system_at32f421.o(.constdata) for sys_ahb_div_table
    at32f421_adc.o(i.adc_reset) refers to at32f421_crm.o(i.crm_periph_reset) for crm_periph_reset
    at32f421_cmp.o(i.cmp_reset) refers to at32f421_crm.o(i.crm_periph_reset) for crm_periph_reset
    at32f421_ertc.o(i.ertc_alarm_enable) refers to at32f421_ertc.o(i.ertc_write_protect_disable) for ertc_write_protect_disable
    at32f421_ertc.o(i.ertc_alarm_enable) refers to at32f421_ertc.o(i.ertc_wait_flag) for ertc_wait_flag
    at32f421_ertc.o(i.ertc_alarm_enable) refers to at32f421_ertc.o(i.ertc_write_protect_enable) for ertc_write_protect_enable
    at32f421_ertc.o(i.ertc_alarm_get) refers to at32f421_ertc.o(i.ertc_bcd_to_num) for ertc_bcd_to_num
    at32f421_ertc.o(i.ertc_alarm_mask_set) refers to at32f421_ertc.o(i.ertc_write_protect_disable) for ertc_write_protect_disable
    at32f421_ertc.o(i.ertc_alarm_mask_set) refers to at32f421_ertc.o(i.ertc_write_protect_enable) for ertc_write_protect_enable
    at32f421_ertc.o(i.ertc_alarm_set) refers to at32f421_ertc.o(i.ertc_num_to_bcd) for ertc_num_to_bcd
    at32f421_ertc.o(i.ertc_alarm_set) refers to at32f421_ertc.o(i.ertc_write_protect_disable) for ertc_write_protect_disable
[...]
    at32f421_ertc.o(i.ertc_time_set) refers to at32f421_ertc.o(i.ertc_num_to_bcd) for ertc_num_to_bcd
    at32f421_ertc.o(i.ertc_time_set) refers to at32f421_ertc.o(i.ertc_write_protect_disable) for ertc_write_protect_disable
    at32f421_ertc.o(i.ertc_time_set) refers to at32f421_ertc.o(i.ertc_init_mode_enter) for ertc_init_mode_enter
    at32f421_ertc.o(i.ertc_time_set) refers to at32f421_ertc.o(i.ertc_init_mode_exit) for ertc_init_mode_exit
    at32f421_ertc.o(i.ertc_time_set) refers to at32f421_ertc.o(i.ertc_wait_update) for ertc_wait_update
    at32f421_ertc.o(i.ertc_time_set) refers to at32f421_ertc.o(i.ertc_write_protect_enable) for ertc_write_protect_enable
    at32f421_ertc.o(i.ertc_timestamp_enable) refers to at32f421_ertc.o(i.ertc_write_protect_disable) for ertc_write_protect_disable
    at32f421_ertc.o(i.ertc_timestamp_enable) refers to at32f421_ertc.o(i.ertc_write_protect_enable) for ertc_write_protect_enable
    at32f421_ertc.o(i.ertc_timestamp_get) refers to at32f421_ertc.o(i.ertc_bcd_to_num) for ertc_bcd_to_num
    at32f421_ertc.o(i.ertc_timestamp_valid_edge_set) refers to at32f421_ertc.o(i.ertc_write_protect_disable) for ertc_write_protect_disable
    at32f421_ertc.o(i.ertc_timestamp_valid_edge_set) refers to at32f421_ertc.o(i.ertc_write_protect_enable) for ertc_write_protect_enable
    at32f421_ertc.o(i.ertc_wait_flag) refers to at32f421_ertc.o(i.ertc_write_protect_enable) for ertc_write_protect_enable
    at32f421_ertc.o(i.ertc_wait_flag) refers to at32f421_ertc.o(i.ertc_flag_get) for ertc_flag_get
    at32f421_flash.o(i.flash_boot_memory_extension_mode_enable) refers to at32f421_flash.o(i.flash_operation_wait_for) for flash_operation_wait_for
    at32f421_flash.o(i.flash_byte_program) refers to at32f421_flash.o(i.flash_operation_wait_for) for flash_operation_wait_for
    at32f421_flash.o(i.flash_crc_calibrate) refers to at32f421_flash.o(i.flash_operation_wait_for) for flash_operation_wait_for
    at32f421_flash.o(i.flash_epp_set) refers to at32f421_flash.o(i.flash_operation_wait_for) for flash_operation_wait_for
    at32f421_flash.o(i.flash_epp_set) refers to at32f421_flash.o(.constdata) for .constdata
    at32f421_flash.o(i.flash_extension_memory_slib_enable) refers to at32f421_flash.o(i.flash_operation_wait_for) for flash_operation_wait_for
    at32f421_flash.o(i.flash_fap_enable) refers to at32f421_flash.o(i.flash_operation_wait_for) for flash_operation_wait_for
    at32f421_flash.o(i.flash_fap_high_level_enable) refers to at32f421_flash.o(i.flash_operation_wait_for) for flash_operation_wait_for
    at32f421_flash.o(i.flash_halfword_program) refers to at32f421_flash.o(i.flash_operation_wait_for) for flash_operation_wait_for
    at32f421_flash.o(i.flash_internal_all_erase) refers to at32f421_flash.o(i.flash_operation_wait_for) for flash_operation_wait_for
    at32f421_flash.o(i.flash_operation_wait_for) refers to at32f421_flash.o(i.flash_operation_status_get) for flash_operation_status_get
    at32f421_flash.o(i.flash_sector_erase) refers to at32f421_flash.o(i.flash_operation_wait_for) for flash_operation_wait_for
    at32f421_flash.o(i.flash_slib_disable) refers to at32f421_flash.o(i.flash_operation_wait_for) for flash_operation_wait_for
    at32f421_flash.o(i.flash_slib_enable) refers to at32f421_flash.o(i.flash_operation_wait_for) for flash_operation_wait_for
    at32f421_flash.o(i.flash_ssb_set) refers to at32f421_flash.o(i.flash_operation_wait_for) for flash_operation_wait_for
    at32f421_flash.o(i.flash_user_system_data_erase) refers to at32f421_flash.o(i.flash_fap_status_get) for flash_fap_status_get
    at32f421_flash.o(i.flash_user_system_data_erase) refers to at32f421_flash.o(i.flash_operation_wait_for) for flash_operation_wait_for
    at32f421_flash.o(i.flash_user_system_data_program) refers to at32f421_flash.o(i.flash_operation_wait_for) for flash_operation_wait_for
    at32f421_flash.o(i.flash_word_program) refers to at32f421_flash.o(i.flash_operation_wait_for) for flash_operation_wait_for
    at32f421_gpio.o(i.gpio_reset) refers to at32f421_crm.o(i.crm_periph_reset) for crm_periph_reset
    at32f421_i2c.o(i.i2c_init) refers to at32f421_crm.o(i.crm_clocks_freq_get) for crm_clocks_freq_get
    at32f421_i2c.o(i.i2c_reset) refers to at32f421_crm.o(i.crm_periph_reset) for crm_periph_reset
    at32f421_pwc.o(i.pwc_reset) refers to at32f421_crm.o(i.crm_periph_reset) for crm_periph_reset
    at32f421_scfg.o(i.scfg_reset) refers to at32f421_crm.o(i.crm_periph_reset) for crm_periph_reset
    at32f421_spi.o(i.i2s_init) refers to at32f421_crm.o(i.crm_clocks_freq_get) for crm_clocks_freq_get
    at32f421_spi.o(i.spi_i2s_reset) refers to at32f421_crm.o(i.crm_periph_reset) for crm_periph_reset
    at32f421_tmr.o(i.tmr_external_clock_mode1_config) refers to at32f421_tmr.o(i.tmr_external_clock_config) for tmr_external_clock_config
    at32f421_tmr.o(i.tmr_external_clock_mode2_config) refers to at32f421_tmr.o(i.tmr_external_clock_config) for tmr_external_clock_config
    at32f421_tmr.o(i.tmr_reset) refers to at32f421_crm.o(i.crm_periph_reset) for crm_periph_reset
    at32f421_usart.o(i.usart_init) refers to at32f421_crm.o(i.crm_clocks_freq_get) for crm_clocks_freq_get
    at32f421_usart.o(i.usart_reset) refers to at32f421_crm.o(i.crm_periph_reset) for crm_periph_reset
    at32f421_wwdt.o(i.wwdt_reset) refers to at32f421_crm.o(i.crm_periph_reset) for crm_periph_reset
    at32f421_crm.o(i.crm_clocks_freq_get) refers to at32f421_crm.o(i.crm_sysclk_switch_status_get) for crm_sysclk_switch_status_get
    at32f421_crm.o(i.crm_clocks_freq_get) refers to lludivv7m.o(.text) for __aeabi_uldivmod
    at32f421_crm.o(i.crm_clocks_freq_get) refers to at32f421_crm.o(.constdata) for sclk_ahb_div_table
    at32f421_crm.o(i.crm_hext_stable_wait) refers to at32f421_crm.o(i.crm_flag_get) for crm_flag_get
    at32f421_crm.o(i.crm_hick_sclk_frequency_select) refers to at32f421_crm.o(i.crm_hick_divider_select) for crm_hick_divider_select
    __main.o(!!!main) refers to __rtentry.o(.ARM.Collect$$rtentry$$00000000) for __rt_entry
    __rtentry.o(.ARM.Collect$$rtentry$$00000000) refers (Special) to __rtentry2.o(.ARM.Collect$$rtentry$$0000000A) for __rt_entry_li
    __rtentry.o(.ARM.Collect$$rtentry$$00000000) refers (Special) to __rtentry2.o(.ARM.Collect$$rtentry$$0000000D) for __rt_entry_main
    __rtentry.o(.ARM.Collect$$rtentry$$00000000) refers (Special) to __rtentry2.o(.ARM.Collect$$rtentry$$0000000C) for __rt_entry_postli_1
    __rtentry.o(.ARM.Collect$$rtentry$$00000000) refers (Special) to __rtentry2.o(.ARM.Collect$$rtentry$$00000009) for __rt_entry_postsh_1
    __rtentry.o(.ARM.Collect$$rtentry$$00000000) refers (Special) to __rtentry2.o(.ARM.Collect$$rtentry$$00000002) for __rt_entry_presh_1
    __rtentry.o(.ARM.Collect$$rtentry$$00000000) refers (Special) to __rtentry4.o(.ARM.Collect$$rtentry$$00000004) for __rt_entry_sh
    aeabi_ldiv0_sigfpe.o(.text) refers to rt_div0.o(.text) for __rt_div0
    __rtentry2.o(.ARM.Collect$$rtentry$$00000008) refers to boardinit2.o(.text) for _platform_post_stackheap_init
    __rtentry2.o(.ARM.Collect$$rtentry$$0000000A) refers to libinit.o(.ARM.Collect$$libinit$$00000000) for __rt_lib_init
    __rtentry2.o(.ARM.Collect$$rtentry$$0000000B) refers to boardinit3.o(.text) for _platform_post_lib_init
    __rtentry2.o(.ARM.Collect$$rtentry$$0000000D) refers to main.o(i.main) for main
    __rtentry2.o(.ARM.Collect$$rtentry$$0000000D) refers to exit.o(.text) for exit
    __rtentry2.o(.ARM.exidx) refers to __rtentry2.o(.ARM.Collect$$rtentry$$00000001) for .ARM.Collect$$rtentry$$00000001
    __rtentry2.o(.ARM.exidx) refers to __rtentry2.o(.ARM.Collect$$rtentry$$00000008) for .ARM.Collect$$rtentry$$00000008
    __rtentry2.o(.ARM.exidx) refers to __rtentry2.o(.ARM.Collect$$rtentry$$0000000A) for .ARM.Collect$$rtentry$$0000000A
    __rtentry2.o(.ARM.exidx) refers to __rtentry2.o(.ARM.Collect$$rtentry$$0000000B) for .ARM.Collect$$rtentry$$0000000B
    __rtentry2.o(.ARM.exidx) refers to __rtentry2.o(.ARM.Collect$$rtentry$$0000000D) for .ARM.Collect$$rtentry$$0000000D
    __rtentry4.o(.ARM.Collect$$rtentry$$00000004) refers to sys_stackheap_outer.o(.text) for __user_setup_stackheap
    __rtentry4.o(.ARM.exidx) refers to __rtentry4.o(.ARM.Collect$$rtentry$$00000004) for .ARM.Collect$$rtentry$$00000004
    rt_div0.o(.text) refers to defsig_fpe_outer.o(.text) for __rt_SIGFPE
    sys_stackheap_outer.o(.text) refers to libspace.o(.text) for __user_perproc_libspace
    sys_stackheap_outer.o(.text) refers to startup_at32f421.o(.text) for __user_initial_stackheap
    exit.o(.text) refers to rtexit.o(.ARM.Collect$$rtexit$$00000000) for __rt_exit
    defsig_fpe_outer.o(.text) refers to defsig_fpe_inner.o(.text) for __rt_SIGFPE_inner
    defsig_fpe_outer.o(.text) refers to defsig_exit.o(.text) for __sig_exit
    defsig_fpe_formal.o(.text) refers to rt_raise.o(.text) for __rt_raise
    libinit.o(.ARM.Collect$$libinit$$00000000) refers (Special) to libinit2.o(.ARM.Collect$$libinit$$0000002E) for __rt_lib_init_alloca_1
    libinit.o(.ARM.Collect$$libinit$$00000000) refers (Special) to libinit2.o(.ARM.Collect$$libinit$$0000002C) for __rt_lib_init_argv_1
    libinit.o(.ARM.Collect$$libinit$$00000000) refers (Special) to libinit2.o(.ARM.Collect$$libinit$$0000001B) for __rt_lib_init_atexit_1
    libinit.o(.ARM.Collect$$libinit$$00000000) refers (Special) to libinit2.o(.ARM.Collect$$libinit$$00000021) for __rt_lib_init_clock_1
    libinit.o(.ARM.Collect$$libinit$$00000000) refers (Special) to libinit2.o(.ARM.Collect$$libinit$$00000032) for __rt_lib_init_cpp_1
    libinit.o(.ARM.Collect$$libinit$$00000000) refers (Special) to libinit2.o(.ARM.Collect$$libinit$$00000030) for __rt_lib_init_exceptions_1
    libinit.o(.ARM.Collect$$libinit$$00000000) refers (Special) to libinit2.o(.ARM.Collect$$libinit$$00000002) for __rt_lib_init_fp_1
    libinit.o(.ARM.Collect$$libinit$$00000000) refers (Special) to libinit2.o(.ARM.Collect$$libinit$$0000001F) for __rt_lib_init_fp_trap_1
    libinit.o(.ARM.Collect$$libinit$$00000000) refers (Special) to libinit2.o(.ARM.Collect$$libinit$$00000023) for __rt_lib_init_getenv_1
    libinit.o(.ARM.Collect$$libinit$$00000000) refers (Special) to libinit2.o(.ARM.Collect$$libinit$$0000000A) for __rt_lib_init_heap_1
    libinit.o(.ARM.Collect$$libinit$$00000000) refers (Special) to libinit2.o(.ARM.Collect$$libinit$$00000011) for __rt_lib_init_lc_collate_1
    libinit.o(.ARM.Collect$$libinit$$00000000) refers (Special) to libinit2.o(.ARM.Collect$$libinit$$00000013) for __rt_lib_init_lc_ctype_1
    libinit.o(.ARM.Collect$$libinit$$00000000) refers (Special) to libinit2.o(.ARM.Collect$$libinit$$00000015) for __rt_lib_init_lc_monetary_1
    libinit.o(.ARM.Collect$$libinit$$00000000) refers (Special) to libinit2.o(.ARM.Collect$$libinit$$00000017) for __rt_lib_init_lc_numeric_1
    libinit.o(.ARM.Collect$$libinit$$00000000) refers (Special) to libinit2.o(.ARM.Collect$$libinit$$00000019) for __rt_lib_init_lc_time_1
    libinit.o(.ARM.Collect$$libinit$$00000000) refers (Special) to libinit2.o(.ARM.Collect$$libinit$$00000004) for __rt_lib_init_preinit_1
    libinit.o(.ARM.Collect$$libinit$$00000000) refers (Special) to libinit2.o(.ARM.Collect$$libinit$$0000000E) for __rt_lib_init_rand_1
    libinit.o(.ARM.Collect$$libinit$$00000000) refers (Special) to libinit2.o(.ARM.Collect$$libinit$$00000033) for __rt_lib_init_return
    libinit.o(.ARM.Collect$$libinit$$00000000) refers (Special) to libinit2.o(.ARM.Collect$$libinit$$0000001D) for __rt_lib_init_signal_1
    libinit.o(.ARM.Collect$$libinit$$00000000) refers (Special) to libinit2.o(.ARM.Collect$$libinit$$00000025) for __rt_lib_init_stdio_1
    libinit.o(.ARM.Collect$$libinit$$00000000) refers (Special) to libinit2.o(.ARM.Collect$$libinit$$0000000C) for __rt_lib_init_user_alloc_1
    libspace.o(.text) refers to libspace.o(.bss) for __libspace_start
    rtexit.o(.ARM.Collect$$rtexit$$00000000) refers (Special) to rtexit2.o(.ARM.Collect$$rtexit$$00000004) for __rt_exit_exit
    rtexit.o(.ARM.Collect$$rtexit$$00000000) refers (Special) to rtexit2.o(.ARM.Collect$$rtexit$$00000003) for __rt_exit_ls
    rtexit.o(.ARM.Collect$$rtexit$$00000000) refers (Special) to rtexit2.o(.ARM.Collect$$rtexit$$00000002) for __rt_exit_prels_1
    rtexit.o(.ARM.exidx) refers (Special) to rtexit2.o(.ARM.Collect$$rtexit$$00000004) for __rt_exit_exit
    rtexit.o(.ARM.exidx) refers (Special) to rtexit2.o(.ARM.Collect$$rtexit$$00000003) for __rt_exit_ls
    rtexit.o(.ARM.exidx) refers (Special) to rtexit2.o(.ARM.Collect$$rtexit$$00000002) for __rt_exit_prels_1
    rtexit.o(.ARM.exidx) refers to rtexit.o(.ARM.Collect$$rtexit$$00000000) for .ARM.Collect$$rtexit$$00000000
    rt_raise.o(.text) refers to __raise.o(.text) for __raise
    rt_raise.o(.text) refers to sys_exit.o(.text) for _sys_exit
    defsig_exit.o(.text) refers to sys_exit.o(.text) for _sys_exit
    defsig_fpe_inner.o(.text) refers to defsig_general.o(.text) for __default_signal_display
    libinit2.o(.ARM.Collect$$libinit$$00000010) refers to libinit2.o(.ARM.Collect$$libinit$$0000000F) for .ARM.Collect$$libinit$$0000000F
    libinit2.o(.ARM.Collect$$libinit$$00000012) refers to libinit2.o(.ARM.Collect$$libinit$$0000000F) for .ARM.Collect$$libinit$$0000000F
    libinit2.o(.ARM.Collect$$libinit$$00000014) refers to libinit2.o(.ARM.Collect$$libinit$$0000000F) for .ARM.Collect$$libinit$$0000000F
    libinit2.o(.ARM.Collect$$libinit$$00000016) refers to libinit2.o(.ARM.Collect$$libinit$$0000000F) for .ARM.Collect$$libinit$$0000000F
    libinit2.o(.ARM.Collect$$libinit$$00000018) refers to libinit2.o(.ARM.Collect$$libinit$$0000000F) for .ARM.Collect$$libinit$$0000000F
    libinit2.o(.ARM.Collect$$libinit$$00000026) refers to argv_veneer.o(.emb_text) for __ARM_argv_veneer
    libinit2.o(.ARM.Collect$$libinit$$00000027) refers to argv_veneer.o(.emb_text) for __ARM_argv_veneer
    sys_exit.o(.text) refers (Special) to use_no_semi.o(.text) for __I$use$semihosting
    sys_exit.o(.text) refers (Special) to indicate_semi.o(.text) for __semihosting_library_function
    rtexit2.o(.ARM.Collect$$rtexit$$00000003) refers to libshutdown.o(.ARM.Collect$$libshutdown$$00000000) for __rt_lib_shutdown
    rtexit2.o(.ARM.Collect$$rtexit$$00000004) refers to sys_exit.o(.text) for _sys_exit
    rtexit2.o(.ARM.exidx) refers to rtexit2.o(.ARM.Collect$$rtexit$$00000001) for .ARM.Collect$$rtexit$$00000001
    rtexit2.o(.ARM.exidx) refers to rtexit2.o(.ARM.Collect$$rtexit$$00000003) for .ARM.Collect$$rtexit$$00000003
    rtexit2.o(.ARM.exidx) refers to rtexit2.o(.ARM.Collect$$rtexit$$00000004) for .ARM.Collect$$rtexit$$00000004
    __raise.o(.text) refers to defsig.o(CL$$defsig) for __default_signal_handler
    defsig_general.o(.text) refers to sys_wrch.o(.text) for _ttywrch
    argv_veneer.o(.emb_text) refers to no_argv.o(.text) for __ARM_get_argv
    sys_wrch.o(.text) refers (Special) to use_no_semi.o(.text) for __I$use$semihosting
    sys_wrch.o(.text) refers (Special) to indicate_semi.o(.text) for __semihosting_library_function
    defsig.o(CL$$defsig) refers to defsig_fpe_inner.o(.text) for __rt_SIGFPE_inner
    defsig.o(CL$$defsig) refers to defsig_rtmem_inner.o(.text) for __rt_SIGRTMEM_inner
    _get_argv_nomalloc.o(.text) refers (Special) to hrguard.o(.text) for __heap_region$guard
    _get_argv_nomalloc.o(.text) refers to defsig_rtmem_outer.o(.text) for __rt_SIGRTMEM
    _get_argv_nomalloc.o(.text) refers to sys_command.o(.text) for _sys_command_string
    libshutdown.o(.ARM.Collect$$libshutdown$$00000000) refers (Special) to libshutdown2.o(.ARM.Collect$$libshutdown$$00000004) for __rt_lib_shutdown_cpp_1
    libshutdown.o(.ARM.Collect$$libshutdown$$00000000) refers (Special) to libshutdown2.o(.ARM.Collect$$libshutdown$$00000002) for __rt_lib_shutdown_fini_1
    libshutdown.o(.ARM.Collect$$libshutdown$$00000000) refers (Special) to libshutdown2.o(.ARM.Collect$$libshutdown$$00000009) for __rt_lib_shutdown_fp_trap_1
    libshutdown.o(.ARM.Collect$$libshutdown$$00000000) refers (Special) to libshutdown2.o(.ARM.Collect$$libshutdown$$00000011) for __rt_lib_shutdown_heap_1
    libshutdown.o(.ARM.Collect$$libshutdown$$00000000) refers (Special) to libshutdown2.o(.ARM.Collect$$libshutdown$$00000012) for __rt_lib_shutdown_return
    libshutdown.o(.ARM.Collect$$libshutdown$$00000000) refers (Special) to libshutdown2.o(.ARM.Collect$$libshutdown$$0000000C) for __rt_lib_shutdown_signal_1
    libshutdown.o(.ARM.Collect$$libshutdown$$00000000) refers (Special) to libshutdown2.o(.ARM.Collect$$libshutdown$$00000006) for __rt_lib_shutdown_stdio_1
    libshutdown.o(.ARM.Collect$$libshutdown$$00000000) refers (Special) to libshutdown2.o(.ARM.Collect$$libshutdown$$0000000E) for __rt_lib_shutdown_user_alloc_1
    sys_command.o(.text) refers (Special) to use_no_semi.o(.text) for __I$use$semihosting
    sys_command.o(.text) refers (Special) to indicate_semi.o(.text) for __semihosting_library_function
    defsig_abrt_inner.o(.text) refers to defsig_general.o(.text) for __default_signal_display
    defsig_rtred_inner.o(.text) refers to defsig_general.o(.text) for __default_signal_display
    defsig_rtmem_inner.o(.text) refers to defsig_general.o(.text) for __default_signal_display
    defsig_rtmem_outer.o(.text) refers to defsig_rtmem_inner.o(.text) for __rt_SIGRTMEM_inner
    defsig_rtmem_outer.o(.text) refers to defsig_exit.o(.text) for __sig_exit
    defsig_rtmem_formal.o(.text) refers to rt_raise.o(.text) for __rt_raise
    defsig_stak_inner.o(.text) refers to defsig_general.o(.text) for __default_signal_display
    defsig_pvfn_inner.o(.text) refers to defsig_general.o(.text) for __default_signal_display
    defsig_cppl_inner.o(.text) refers to defsig_general.o(.text) for __default_signal_display
    defsig_segv_inner.o(.text) refers to defsig_general.o(.text) for __default_signal_display
    defsig_other.o(.text) refers to defsig_general.o(.text) for __default_signal_display


==============================================================================

Removing Unused input sections from the image.

    Removing at32f421_clock.o(.rev16_text), (4 bytes).
    Removing at32f421_clock.o(.revsh_text), (4 bytes).
    Removing at32f421_clock.o(.rrx_text), (6 bytes).
    Removing at32f421_clock.o(i.system_clock_config), (116 bytes).
    Removing at32f421_int.o(.rev16_text), (4 bytes).
    Removing at32f421_int.o(.revsh_text), (4 bytes).
    Removing at32f421_int.o(.rrx_text), (6 bytes).
    Removing main.o(.rev16_text), (4 bytes).
    Removing main.o(.revsh_text), (4 bytes).
    Removing main.o(.rrx_text), (6 bytes).
    Removing system_at32f421.o(.rev16_text), (4 bytes).
    Removing system_at32f421.o(.revsh_text), (4 bytes).
    Removing system_at32f421.o(.rrx_text), (6 bytes).
    Removing system_at32f421.o(i.system_core_clock_update), (340 bytes).
    Removing system_at32f421.o(.constdata), (16 bytes).
    Removing system_at32f421.o(.data), (4 bytes).
    Removing at32f421_adc.o(.rev16_text), (4 bytes).
    Removing at32f421_adc.o(.revsh_text), (4 bytes).
    Removing at32f421_adc.o(.rrx_text), (6 bytes).
    Removing at32f421_adc.o(i.adc_base_config), (44 bytes).
    Removing at32f421_adc.o(i.adc_base_default_para_init), (14 bytes).
    Removing at32f421_adc.o(i.adc_calibration_init), (12 bytes).
    Removing at32f421_adc.o(i.adc_calibration_init_status_get), (18 bytes).
    Removing at32f421_adc.o(i.adc_calibration_start), (12 bytes).
    Removing at32f421_adc.o(i.adc_calibration_status_get), (18 bytes).
    Removing at32f421_adc.o(i.adc_dma_mode_enable), (10 bytes).
    Removing at32f421_adc.o(i.adc_enable), (10 bytes).
    Removing at32f421_adc.o(i.adc_flag_clear), (6 bytes).
    Removing at32f421_adc.o(i.adc_flag_get), (16 bytes).
    Removing at32f421_adc.o(i.adc_interrupt_enable), (22 bytes).
    Removing at32f421_adc.o(i.adc_interrupt_flag_get), (84 bytes).
    Removing at32f421_adc.o(i.adc_ordinary_channel_set), (168 bytes).
    Removing at32f421_adc.o(i.adc_ordinary_conversion_data_get), (8 bytes).
    Removing at32f421_adc.o(i.adc_ordinary_conversion_trigger_set), (32 bytes).
    Removing at32f421_adc.o(i.adc_ordinary_part_count_set), (12 bytes).
    Removing at32f421_adc.o(i.adc_ordinary_part_mode_enable), (10 bytes).
    Removing at32f421_adc.o(i.adc_ordinary_software_trigger_enable), (10 bytes).
    Removing at32f421_adc.o(i.adc_ordinary_software_trigger_status_get), (18 bytes).
    Removing at32f421_adc.o(i.adc_preempt_auto_mode_enable), (10 bytes).
    Removing at32f421_adc.o(i.adc_preempt_channel_length_set), (12 bytes).
    Removing at32f421_adc.o(i.adc_preempt_channel_set), (142 bytes).
    Removing at32f421_adc.o(i.adc_preempt_conversion_data_get), (50 bytes).
    Removing at32f421_adc.o(i.adc_preempt_conversion_trigger_set), (32 bytes).
    Removing at32f421_adc.o(i.adc_preempt_offset_value_set), (62 bytes).
    Removing at32f421_adc.o(i.adc_preempt_part_mode_enable), (10 bytes).
    Removing at32f421_adc.o(i.adc_preempt_software_trigger_enable), (10 bytes).
    Removing at32f421_adc.o(i.adc_preempt_software_trigger_status_get), (18 bytes).
    Removing at32f421_adc.o(i.adc_reset), (36 bytes).
    Removing at32f421_adc.o(i.adc_tempersensor_vintrv_enable), (20 bytes).
    Removing at32f421_adc.o(i.adc_voltage_monitor_enable), (32 bytes).
    Removing at32f421_adc.o(i.adc_voltage_monitor_single_channel_select), (10 bytes).
    Removing at32f421_adc.o(i.adc_voltage_monitor_threshold_value_set), (18 bytes).
    Removing at32f421_cmp.o(.rev16_text), (4 bytes).
    Removing at32f421_cmp.o(.revsh_text), (4 bytes).
    Removing at32f421_cmp.o(.rrx_text), (6 bytes).
    Removing at32f421_cmp.o(i.cmp_blanking_config), (20 bytes).
    Removing at32f421_cmp.o(i.cmp_default_para_init), (18 bytes).
    Removing at32f421_cmp.o(i.cmp_enable), (20 bytes).
    Removing at32f421_cmp.o(i.cmp_filter_config), (80 bytes).
    Removing at32f421_cmp.o(i.cmp_init), (92 bytes).
    Removing at32f421_cmp.o(i.cmp_input_shift_enable), (20 bytes).
    Removing at32f421_cmp.o(i.cmp_output_value_get), (20 bytes).
    Removing at32f421_cmp.o(i.cmp_reset), (24 bytes).
    Removing at32f421_cmp.o(i.cmp_scal_brg_config), (40 bytes).
    Removing at32f421_cmp.o(i.cmp_write_protect_enable), (24 bytes).
    Removing at32f421_crc.o(.rev16_text), (4 bytes).
    Removing at32f421_crc.o(.revsh_text), (4 bytes).
    Removing at32f421_crc.o(.rrx_text), (6 bytes).
    Removing at32f421_crc.o(i.crc_block_calculate), (36 bytes).
    Removing at32f421_crc.o(i.crc_common_data_get), (12 bytes).
    Removing at32f421_crc.o(i.crc_common_data_set), (20 bytes).
    Removing at32f421_crc.o(i.crc_data_get), (12 bytes).
    Removing at32f421_crc.o(i.crc_data_reset), (20 bytes).
    Removing at32f421_crc.o(i.crc_init_data_set), (12 bytes).
    Removing at32f421_crc.o(i.crc_one_word_calculate), (16 bytes).
    Removing at32f421_crc.o(i.crc_poly_size_get), (16 bytes).
    Removing at32f421_crc.o(i.crc_poly_size_set), (20 bytes).
    Removing at32f421_crc.o(i.crc_poly_value_get), (12 bytes).
    Removing at32f421_crc.o(i.crc_poly_value_set), (12 bytes).
    Removing at32f421_crc.o(i.crc_reverse_input_data_set), (20 bytes).
    Removing at32f421_crc.o(i.crc_reverse_output_data_set), (20 bytes).
    Removing at32f421_debug.o(.rev16_text), (4 bytes).
    Removing at32f421_debug.o(.revsh_text), (4 bytes).
    Removing at32f421_debug.o(.rrx_text), (6 bytes).
    Removing at32f421_debug.o(i.debug_device_id_get), (12 bytes).
    Removing at32f421_debug.o(i.debug_periph_mode_set), (32 bytes).
    Removing at32f421_dma.o(.rev16_text), (4 bytes).
    Removing at32f421_dma.o(.revsh_text), (4 bytes).
    Removing at32f421_dma.o(.rrx_text), (6 bytes).
    Removing at32f421_dma.o(i.dma_channel_enable), (10 bytes).
    Removing at32f421_dma.o(i.dma_data_number_get), (8 bytes).
    Removing at32f421_dma.o(i.dma_data_number_set), (4 bytes).
    Removing at32f421_dma.o(i.dma_default_para_init), (24 bytes).
    Removing at32f421_dma.o(i.dma_flag_clear), (12 bytes).
    Removing at32f421_dma.o(i.dma_flag_get), (28 bytes).
    Removing at32f421_dma.o(i.dma_init), (92 bytes).
    Removing at32f421_dma.o(i.dma_interrupt_enable), (18 bytes).
    Removing at32f421_dma.o(i.dma_interrupt_flag_get), (28 bytes).
    Removing at32f421_dma.o(i.dma_reset), (56 bytes).
    Removing at32f421_ertc.o(.rev16_text), (4 bytes).
    Removing at32f421_ertc.o(.revsh_text), (4 bytes).
    Removing at32f421_ertc.o(.rrx_text), (6 bytes).
    Removing at32f421_ertc.o(i.ertc_alarm_enable), (56 bytes).
    Removing at32f421_ertc.o(i.ertc_alarm_get), (108 bytes).
    Removing at32f421_ertc.o(i.ertc_alarm_mask_set), (36 bytes).
    Removing at32f421_ertc.o(i.ertc_alarm_set), (112 bytes).
    Removing at32f421_ertc.o(i.ertc_alarm_sub_second_get), (16 bytes).
    Removing at32f421_ertc.o(i.ertc_alarm_sub_second_set), (44 bytes).
    Removing at32f421_ertc.o(i.ertc_alarm_week_date_select), (36 bytes).
    Removing at32f421_ertc.o(i.ertc_bcd_to_num), (20 bytes).
    Removing at32f421_ertc.o(i.ertc_bpr_data_read), (28 bytes).
    Removing at32f421_ertc.o(i.ertc_bpr_data_write), (24 bytes).
    Removing at32f421_ertc.o(i.ertc_cal_output_enable), (32 bytes).
    Removing at32f421_ertc.o(i.ertc_cal_output_select), (32 bytes).
    Removing at32f421_ertc.o(i.ertc_calendar_get), (120 bytes).
    Removing at32f421_ertc.o(i.ertc_date_set), (120 bytes).
    Removing at32f421_ertc.o(i.ertc_daylight_bpr_get), (16 bytes).
    Removing at32f421_ertc.o(i.ertc_daylight_set), (68 bytes).
    Removing at32f421_ertc.o(i.ertc_direct_read_enable), (32 bytes).
    Removing at32f421_ertc.o(i.ertc_divider_set), (60 bytes).
    Removing at32f421_ertc.o(i.ertc_flag_clear), (28 bytes).
    Removing at32f421_ertc.o(i.ertc_flag_get), (24 bytes).
    Removing at32f421_ertc.o(i.ertc_hour_mode_set), (48 bytes).
    Removing at32f421_ertc.o(i.ertc_init_mode_enter), (60 bytes).
    Removing at32f421_ertc.o(i.ertc_init_mode_exit), (16 bytes).
    Removing at32f421_ertc.o(i.ertc_interrupt_enable), (92 bytes).
    Removing at32f421_ertc.o(i.ertc_interrupt_flag_get), (96 bytes).
    Removing at32f421_ertc.o(i.ertc_interrupt_get), (48 bytes).
    Removing at32f421_ertc.o(i.ertc_num_to_bcd), (36 bytes).
    Removing at32f421_ertc.o(i.ertc_output_set), (60 bytes).
    Removing at32f421_ertc.o(i.ertc_refer_clock_detect_enable), (48 bytes).
    Removing at32f421_ertc.o(i.ertc_reset), (108 bytes).
    Removing at32f421_ertc.o(i.ertc_smooth_calibration_config), (112 bytes).
    Removing at32f421_ertc.o(i.ertc_sub_second_get), (20 bytes).
    Removing at32f421_ertc.o(i.ertc_tamper_detect_freq_set), (32 bytes).
    Removing at32f421_ertc.o(i.ertc_tamper_enable), (36 bytes).
    Removing at32f421_ertc.o(i.ertc_tamper_filter_set), (32 bytes).
    Removing at32f421_ertc.o(i.ertc_tamper_precharge_set), (32 bytes).
    Removing at32f421_ertc.o(i.ertc_tamper_pull_up_enable), (40 bytes).
    Removing at32f421_ertc.o(i.ertc_tamper_timestamp_enable), (32 bytes).
    Removing at32f421_ertc.o(i.ertc_tamper_valid_edge_set), (36 bytes).
    Removing at32f421_ertc.o(i.ertc_time_adjust), (92 bytes).
    Removing at32f421_ertc.o(i.ertc_time_set), (120 bytes).
    Removing at32f421_ertc.o(i.ertc_timestamp_enable), (32 bytes).
    Removing at32f421_ertc.o(i.ertc_timestamp_get), (108 bytes).
    Removing at32f421_ertc.o(i.ertc_timestamp_sub_second_get), (12 bytes).
    Removing at32f421_ertc.o(i.ertc_timestamp_valid_edge_set), (32 bytes).
    Removing at32f421_ertc.o(i.ertc_wait_flag), (38 bytes).
    Removing at32f421_ertc.o(i.ertc_wait_update), (56 bytes).
    Removing at32f421_ertc.o(i.ertc_write_protect_disable), (16 bytes).
    Removing at32f421_ertc.o(i.ertc_write_protect_enable), (12 bytes).
    Removing at32f421_exint.o(.rev16_text), (4 bytes).
    Removing at32f421_exint.o(.revsh_text), (4 bytes).
    Removing at32f421_exint.o(.rrx_text), (6 bytes).
    Removing at32f421_exint.o(i.exint_default_para_init), (14 bytes).
    Removing at32f421_exint.o(i.exint_event_enable), (32 bytes).
    Removing at32f421_exint.o(i.exint_flag_clear), (12 bytes).
    Removing at32f421_exint.o(i.exint_flag_get), (28 bytes).
    Removing at32f421_exint.o(i.exint_init), (152 bytes).
    Removing at32f421_exint.o(i.exint_interrupt_enable), (32 bytes).
    Removing at32f421_exint.o(i.exint_interrupt_flag_get), (36 bytes).
    Removing at32f421_exint.o(i.exint_reset), (40 bytes).
    Removing at32f421_exint.o(i.exint_software_interrupt_event_generate), (16 bytes).
    Removing at32f421_flash.o(.rev16_text), (4 bytes).
    Removing at32f421_flash.o(.revsh_text), (4 bytes).
    Removing at32f421_flash.o(.rrx_text), (6 bytes).
    Removing at32f421_flash.o(i.flash_boot_memory_extension_mode_enable), (64 bytes).
    Removing at32f421_flash.o(i.flash_byte_program), (56 bytes).
    Removing at32f421_flash.o(i.flash_crc_calibrate), (40 bytes).
    Removing at32f421_flash.o(i.flash_em_slib_inststart_sector_get), (16 bytes).
    Removing at32f421_flash.o(i.flash_epp_set), (220 bytes).
    Removing at32f421_flash.o(i.flash_epp_status_get), (12 bytes).
    Removing at32f421_flash.o(i.flash_extension_memory_slib_enable), (88 bytes).
    Removing at32f421_flash.o(i.flash_extension_memory_slib_state_get), (24 bytes).
    Removing at32f421_flash.o(i.flash_fap_enable), (140 bytes).
    Removing at32f421_flash.o(i.flash_fap_high_level_enable), (260 bytes).
    Removing at32f421_flash.o(i.flash_fap_high_level_status_get), (16 bytes).
    Removing at32f421_flash.o(i.flash_fap_status_get), (16 bytes).
    Removing at32f421_flash.o(i.flash_flag_clear), (12 bytes).
    Removing at32f421_flash.o(i.flash_flag_get), (56 bytes).
    Removing at32f421_flash.o(i.flash_halfword_program), (56 bytes).
    Removing at32f421_flash.o(i.flash_internal_all_erase), (60 bytes).
    Removing at32f421_flash.o(i.flash_interrupt_enable), (44 bytes).
    Removing at32f421_flash.o(i.flash_lock), (20 bytes).
    Removing at32f421_flash.o(i.flash_low_power_mode_enable), (20 bytes).
    Removing at32f421_flash.o(i.flash_operation_status_get), (52 bytes).
    Removing at32f421_flash.o(i.flash_operation_wait_for), (36 bytes).
    Removing at32f421_flash.o(i.flash_sector_erase), (64 bytes).
    Removing at32f421_flash.o(i.flash_slib_disable), (52 bytes).
    Removing at32f421_flash.o(i.flash_slib_enable), (148 bytes).
    Removing at32f421_flash.o(i.flash_slib_end_sector_get), (12 bytes).
    Removing at32f421_flash.o(i.flash_slib_inststart_sector_get), (16 bytes).
    Removing at32f421_flash.o(i.flash_slib_start_sector_get), (16 bytes).
    Removing at32f421_flash.o(i.flash_slib_state_get), (24 bytes).
    Removing at32f421_flash.o(i.flash_ssb_set), (92 bytes).
    Removing at32f421_flash.o(i.flash_ssb_status_get), (16 bytes).
    Removing at32f421_flash.o(i.flash_unlock), (24 bytes).
    Removing at32f421_flash.o(i.flash_user_system_data_erase), (152 bytes).
    Removing at32f421_flash.o(i.flash_user_system_data_program), (88 bytes).
    Removing at32f421_flash.o(i.flash_word_program), (56 bytes).
    Removing at32f421_flash.o(.constdata), (8 bytes).
    Removing at32f421_gpio.o(.rev16_text), (4 bytes).
    Removing at32f421_gpio.o(.revsh_text), (4 bytes).
    Removing at32f421_gpio.o(.rrx_text), (6 bytes).
    Removing at32f421_gpio.o(i.gpio_bits_reset), (4 bytes).
    Removing at32f421_gpio.o(i.gpio_bits_set), (4 bytes).
    Removing at32f421_gpio.o(i.gpio_bits_write), (10 bytes).
    Removing at32f421_gpio.o(i.gpio_default_para_init), (20 bytes).
    Removing at32f421_gpio.o(i.gpio_init), (122 bytes).
    Removing at32f421_gpio.o(i.gpio_input_data_bit_read), (18 bytes).
    Removing at32f421_gpio.o(i.gpio_input_data_read), (8 bytes).
    Removing at32f421_gpio.o(i.gpio_output_data_bit_read), (18 bytes).
    Removing at32f421_gpio.o(i.gpio_output_data_read), (8 bytes).
    Removing at32f421_gpio.o(i.gpio_pin_mux_config), (66 bytes).
    Removing at32f421_gpio.o(i.gpio_pin_wp_config), (18 bytes).
    Removing at32f421_gpio.o(i.gpio_pins_huge_driven_config), (18 bytes).
    Removing at32f421_gpio.o(i.gpio_port_write), (4 bytes).
    Removing at32f421_gpio.o(i.gpio_reset), (128 bytes).
    Removing at32f421_i2c.o(.rev16_text), (4 bytes).
    Removing at32f421_i2c.o(.revsh_text), (4 bytes).
    Removing at32f421_i2c.o(.rrx_text), (6 bytes).
    Removing at32f421_i2c.o(i.i2c_7bit_address_send), (18 bytes).
    Removing at32f421_i2c.o(i.i2c_ack_enable), (10 bytes).
    Removing at32f421_i2c.o(i.i2c_arp_mode_enable), (10 bytes).
    Removing at32f421_i2c.o(i.i2c_clock_stretch_enable), (18 bytes).
    Removing at32f421_i2c.o(i.i2c_data_receive), (8 bytes).
    Removing at32f421_i2c.o(i.i2c_data_send), (4 bytes).
    Removing at32f421_i2c.o(i.i2c_dma_enable), (10 bytes).
    Removing at32f421_i2c.o(i.i2c_dma_end_transfer_set), (10 bytes).
    Removing at32f421_i2c.o(i.i2c_enable), (10 bytes).
    Removing at32f421_i2c.o(i.i2c_fast_mode_duty_set), (10 bytes).
    Removing at32f421_i2c.o(i.i2c_flag_clear), (40 bytes).
    Removing at32f421_i2c.o(i.i2c_flag_get), (48 bytes).
    Removing at32f421_i2c.o(i.i2c_general_call_enable), (10 bytes).
    Removing at32f421_i2c.o(i.i2c_init), (292 bytes).
    Removing at32f421_i2c.o(i.i2c_interrupt_enable), (24 bytes).
    Removing at32f421_i2c.o(i.i2c_interrupt_flag_get), (210 bytes).
    Removing at32f421_i2c.o(i.i2c_master_receive_ack_set), (10 bytes).
    Removing at32f421_i2c.o(i.i2c_own_address1_set), (18 bytes).
    Removing at32f421_i2c.o(i.i2c_own_address2_enable), (10 bytes).
    Removing at32f421_i2c.o(i.i2c_own_address2_set), (12 bytes).
    Removing at32f421_i2c.o(i.i2c_pec_calculate_enable), (10 bytes).
    Removing at32f421_i2c.o(i.i2c_pec_position_set), (10 bytes).
    Removing at32f421_i2c.o(i.i2c_pec_transmit_enable), (10 bytes).
    Removing at32f421_i2c.o(i.i2c_pec_value_get), (10 bytes).
    Removing at32f421_i2c.o(i.i2c_reset), (60 bytes).
    Removing at32f421_i2c.o(i.i2c_smbus_alert_set), (10 bytes).
    Removing at32f421_i2c.o(i.i2c_smbus_enable), (10 bytes).
    Removing at32f421_i2c.o(i.i2c_smbus_mode_set), (10 bytes).
    Removing at32f421_i2c.o(i.i2c_software_reset), (10 bytes).
    Removing at32f421_i2c.o(i.i2c_start_generate), (14 bytes).
    Removing at32f421_i2c.o(i.i2c_stop_generate), (14 bytes).
    Removing at32f421_pwc.o(.rev16_text), (4 bytes).
    Removing at32f421_pwc.o(.revsh_text), (4 bytes).
    Removing at32f421_pwc.o(.rrx_text), (6 bytes).
    Removing at32f421_pwc.o(i.pwc_battery_powered_domain_access), (20 bytes).
    Removing at32f421_pwc.o(i.pwc_deep_sleep_mode_enter), (48 bytes).
    Removing at32f421_pwc.o(i.pwc_flag_clear), (48 bytes).
    Removing at32f421_pwc.o(i.pwc_flag_get), (24 bytes).
    Removing at32f421_pwc.o(i.pwc_power_voltage_monitor_enable), (20 bytes).
    Removing at32f421_pwc.o(i.pwc_pvm_level_select), (20 bytes).
    Removing at32f421_pwc.o(i.pwc_reset), (24 bytes).
    Removing at32f421_pwc.o(i.pwc_sleep_mode_enter), (36 bytes).
    Removing at32f421_pwc.o(i.pwc_standby_mode_enter), (56 bytes).
    Removing at32f421_pwc.o(i.pwc_voltage_regulate_set), (48 bytes).
    Removing at32f421_pwc.o(i.pwc_wakeup_pin_enable), (32 bytes).
    Removing at32f421_scfg.o(.rev16_text), (4 bytes).
    Removing at32f421_scfg.o(.revsh_text), (4 bytes).
    Removing at32f421_scfg.o(.rrx_text), (6 bytes).
    Removing at32f421_scfg.o(i.scfg_adc_dma_channel_remap), (20 bytes).
    Removing at32f421_scfg.o(i.scfg_exint_line_config), (164 bytes).
    Removing at32f421_scfg.o(i.scfg_infrared_config), (28 bytes).
    Removing at32f421_scfg.o(i.scfg_mem_map_get), (16 bytes).
    Removing at32f421_scfg.o(i.scfg_pa11pa12_pin_remap), (20 bytes).
    Removing at32f421_scfg.o(i.scfg_reset), (24 bytes).
    Removing at32f421_scfg.o(i.scfg_tmr16_dma_channel_remap), (20 bytes).
    Removing at32f421_scfg.o(i.scfg_tmr17_dma_channel_remap), (20 bytes).
    Removing at32f421_scfg.o(i.scfg_usart1_rx_dma_channel_remap), (20 bytes).
    Removing at32f421_scfg.o(i.scfg_usart1_tx_dma_channel_remap), (20 bytes).
    Removing at32f421_spi.o(.rev16_text), (4 bytes).
    Removing at32f421_spi.o(.revsh_text), (4 bytes).
    Removing at32f421_spi.o(.rrx_text), (6 bytes).
    Removing at32f421_spi.o(i.i2s_default_para_init), (22 bytes).
    Removing at32f421_spi.o(i.i2s_enable), (10 bytes).
    Removing at32f421_spi.o(i.i2s_init), (554 bytes).
    Removing at32f421_spi.o(i.spi_crc_enable), (10 bytes).
    Removing at32f421_spi.o(i.spi_crc_next_transmit), (14 bytes).
    Removing at32f421_spi.o(i.spi_crc_polynomial_get), (8 bytes).
    Removing at32f421_spi.o(i.spi_crc_polynomial_set), (10 bytes).
    Removing at32f421_spi.o(i.spi_crc_value_get), (18 bytes).
    Removing at32f421_spi.o(i.spi_default_para_init), (22 bytes).
    Removing at32f421_spi.o(i.spi_enable), (10 bytes).
    Removing at32f421_spi.o(i.spi_frame_bit_num_set), (10 bytes).
    Removing at32f421_spi.o(i.spi_half_duplex_direction_set), (10 bytes).
    Removing at32f421_spi.o(i.spi_hardware_cs_output_enable), (10 bytes).
    Removing at32f421_spi.o(i.spi_i2s_data_receive), (8 bytes).
    Removing at32f421_spi.o(i.spi_i2s_data_transmit), (4 bytes).
    Removing at32f421_spi.o(i.spi_i2s_dma_receiver_enable), (10 bytes).
    Removing at32f421_spi.o(i.spi_i2s_dma_transmitter_enable), (10 bytes).
    Removing at32f421_spi.o(i.spi_i2s_flag_clear), (48 bytes).
    Removing at32f421_spi.o(i.spi_i2s_flag_get), (16 bytes).
    Removing at32f421_spi.o(i.spi_i2s_interrupt_enable), (18 bytes).
    Removing at32f421_spi.o(i.spi_i2s_interrupt_flag_get), (160 bytes).
    Removing at32f421_spi.o(i.spi_i2s_reset), (64 bytes).
    Removing at32f421_spi.o(i.spi_init), (292 bytes).
    Removing at32f421_spi.o(i.spi_software_cs_internal_level_set), (10 bytes).
    Removing at32f421_tmr.o(.rev16_text), (4 bytes).
    Removing at32f421_tmr.o(.revsh_text), (4 bytes).
    Removing at32f421_tmr.o(.rrx_text), (6 bytes).
    Removing at32f421_tmr.o(i.tmr_base_init), (16 bytes).
    Removing at32f421_tmr.o(i.tmr_brkdt_config), (72 bytes).
    Removing at32f421_tmr.o(i.tmr_brkdt_default_para_init), (18 bytes).
    Removing at32f421_tmr.o(i.tmr_channel1_input_select), (10 bytes).
    Removing at32f421_tmr.o(i.tmr_channel_buffer_enable), (10 bytes).
    Removing at32f421_tmr.o(i.tmr_channel_dma_select), (10 bytes).
    Removing at32f421_tmr.o(i.tmr_channel_enable), (96 bytes).
    Removing at32f421_tmr.o(i.tmr_channel_value_get), (46 bytes).
    Removing at32f421_tmr.o(i.tmr_channel_value_set), (40 bytes).
    Removing at32f421_tmr.o(i.tmr_clock_source_div_set), (10 bytes).
    Removing at32f421_tmr.o(i.tmr_cnt_dir_set), (10 bytes).
    Removing at32f421_tmr.o(i.tmr_counter_enable), (10 bytes).
    Removing at32f421_tmr.o(i.tmr_counter_value_get), (6 bytes).
    Removing at32f421_tmr.o(i.tmr_counter_value_set), (4 bytes).
    Removing at32f421_tmr.o(i.tmr_div_value_get), (6 bytes).
    Removing at32f421_tmr.o(i.tmr_div_value_set), (4 bytes).
    Removing at32f421_tmr.o(i.tmr_dma_control_config), (18 bytes).
    Removing at32f421_tmr.o(i.tmr_dma_request_enable), (22 bytes).
    Removing at32f421_tmr.o(i.tmr_encoder_mode_config), (70 bytes).
    Removing at32f421_tmr.o(i.tmr_event_sw_trigger), (8 bytes).
    Removing at32f421_tmr.o(i.tmr_external_clock_config), (28 bytes).
    Removing at32f421_tmr.o(i.tmr_external_clock_mode1_config), (44 bytes).
    Removing at32f421_tmr.o(i.tmr_external_clock_mode2_config), (36 bytes).
    Removing at32f421_tmr.o(i.tmr_flag_clear), (6 bytes).
    Removing at32f421_tmr.o(i.tmr_flag_get), (18 bytes).
    Removing at32f421_tmr.o(i.tmr_force_output_set), (66 bytes).
    Removing at32f421_tmr.o(i.tmr_hall_select), (10 bytes).
    Removing at32f421_tmr.o(i.tmr_input_channel_divider_set), (66 bytes).
    Removing at32f421_tmr.o(i.tmr_input_channel_filter_set), (66 bytes).
    Removing at32f421_tmr.o(i.tmr_input_channel_init), (304 bytes).
    Removing at32f421_tmr.o(i.tmr_input_default_para_init), (16 bytes).
    Removing at32f421_tmr.o(i.tmr_internal_clock_set), (10 bytes).
    Removing at32f421_tmr.o(i.tmr_interrupt_enable), (22 bytes).
    Removing at32f421_tmr.o(i.tmr_interrupt_flag_get), (24 bytes).
    Removing at32f421_tmr.o(i.tmr_iremap_config), (10 bytes).
    Removing at32f421_tmr.o(i.tmr_one_cycle_mode_enable), (10 bytes).
    Removing at32f421_tmr.o(i.tmr_output_channel_buffer_enable), (66 bytes).
    Removing at32f421_tmr.o(i.tmr_output_channel_config), (416 bytes).
    Removing at32f421_tmr.o(i.tmr_output_channel_immediately_set), (66 bytes).
    Removing at32f421_tmr.o(i.tmr_output_channel_mode_select), (66 bytes).
    Removing at32f421_tmr.o(i.tmr_output_channel_polarity_set), (96 bytes).
    Removing at32f421_tmr.o(i.tmr_output_channel_switch_select), (10 bytes).
    Removing at32f421_tmr.o(i.tmr_output_channel_switch_set), (66 bytes).
    Removing at32f421_tmr.o(i.tmr_output_default_para_init), (18 bytes).
    Removing at32f421_tmr.o(i.tmr_output_enable), (10 bytes).
    Removing at32f421_tmr.o(i.tmr_overflow_event_disable), (10 bytes).
    Removing at32f421_tmr.o(i.tmr_overflow_request_source_set), (10 bytes).
    Removing at32f421_tmr.o(i.tmr_period_buffer_enable), (10 bytes).
    Removing at32f421_tmr.o(i.tmr_period_value_get), (6 bytes).
    Removing at32f421_tmr.o(i.tmr_period_value_set), (4 bytes).
    Removing at32f421_tmr.o(i.tmr_primary_mode_select), (10 bytes).
    Removing at32f421_tmr.o(i.tmr_pwm_input_config), (350 bytes).
    Removing at32f421_tmr.o(i.tmr_repetition_counter_set), (10 bytes).
    Removing at32f421_tmr.o(i.tmr_reset), (216 bytes).
    Removing at32f421_tmr.o(i.tmr_sub_mode_select), (10 bytes).
    Removing at32f421_tmr.o(i.tmr_sub_sync_mode_set), (10 bytes).
    Removing at32f421_tmr.o(i.tmr_trigger_input_select), (10 bytes).
    Removing at32f421_usart.o(.rev16_text), (4 bytes).
    Removing at32f421_usart.o(.revsh_text), (4 bytes).
    Removing at32f421_usart.o(.rrx_text), (6 bytes).
    Removing at32f421_usart.o(i.usart_break_bit_num_set), (10 bytes).
    Removing at32f421_usart.o(i.usart_break_send), (12 bytes).
    Removing at32f421_usart.o(i.usart_clock_config), (28 bytes).
    Removing at32f421_usart.o(i.usart_clock_enable), (10 bytes).
    Removing at32f421_usart.o(i.usart_data_receive), (8 bytes).
    Removing at32f421_usart.o(i.usart_data_transmit), (8 bytes).
    Removing at32f421_usart.o(i.usart_dma_receiver_enable), (10 bytes).
    Removing at32f421_usart.o(i.usart_dma_transmitter_enable), (10 bytes).
    Removing at32f421_usart.o(i.usart_enable), (10 bytes).
    Removing at32f421_usart.o(i.usart_flag_clear), (18 bytes).
    Removing at32f421_usart.o(i.usart_flag_get), (16 bytes).
    Removing at32f421_usart.o(i.usart_hardware_flow_control_set), (102 bytes).
    Removing at32f421_usart.o(i.usart_init), (108 bytes).
    Removing at32f421_usart.o(i.usart_interrupt_enable), (54 bytes).
    Removing at32f421_usart.o(i.usart_interrupt_flag_get), (176 bytes).
    Removing at32f421_usart.o(i.usart_irda_low_power_enable), (10 bytes).
    Removing at32f421_usart.o(i.usart_irda_mode_enable), (10 bytes).
    Removing at32f421_usart.o(i.usart_irda_smartcard_division_set), (10 bytes).
    Removing at32f421_usart.o(i.usart_lin_mode_enable), (10 bytes).
    Removing at32f421_usart.o(i.usart_parity_selection_config), (76 bytes).
    Removing at32f421_usart.o(i.usart_receiver_enable), (10 bytes).
    Removing at32f421_usart.o(i.usart_receiver_mute_enable), (10 bytes).
    Removing at32f421_usart.o(i.usart_reset), (64 bytes).
    Removing at32f421_usart.o(i.usart_single_line_halfduplex_select), (10 bytes).
    Removing at32f421_usart.o(i.usart_smartcard_guard_time_set), (10 bytes).
    Removing at32f421_usart.o(i.usart_smartcard_mode_enable), (10 bytes).
    Removing at32f421_usart.o(i.usart_smartcard_nack_set), (10 bytes).
    Removing at32f421_usart.o(i.usart_transmit_receive_pin_swap), (10 bytes).
    Removing at32f421_usart.o(i.usart_transmitter_enable), (10 bytes).
    Removing at32f421_usart.o(i.usart_wakeup_id_set), (10 bytes).
    Removing at32f421_usart.o(i.usart_wakeup_mode_set), (10 bytes).
    Removing at32f421_wdt.o(.rev16_text), (4 bytes).
    Removing at32f421_wdt.o(.revsh_text), (4 bytes).
    Removing at32f421_wdt.o(.rrx_text), (6 bytes).
    Removing at32f421_wdt.o(i.wdt_counter_reload), (16 bytes).
    Removing at32f421_wdt.o(i.wdt_divider_set), (20 bytes).
    Removing at32f421_wdt.o(i.wdt_enable), (16 bytes).
    Removing at32f421_wdt.o(i.wdt_flag_get), (24 bytes).
    Removing at32f421_wdt.o(i.wdt_register_write_enable), (24 bytes).
    Removing at32f421_wdt.o(i.wdt_reload_value_set), (12 bytes).
    Removing at32f421_wwdt.o(.rev16_text), (4 bytes).
    Removing at32f421_wwdt.o(.revsh_text), (4 bytes).
    Removing at32f421_wwdt.o(.rrx_text), (6 bytes).
    Removing at32f421_wwdt.o(i.wwdt_counter_set), (20 bytes).
    Removing at32f421_wwdt.o(i.wwdt_divider_set), (20 bytes).
    Removing at32f421_wwdt.o(i.wwdt_enable), (16 bytes).
    Removing at32f421_wwdt.o(i.wwdt_flag_clear), (12 bytes).
    Removing at32f421_wwdt.o(i.wwdt_flag_get), (16 bytes).
    Removing at32f421_wwdt.o(i.wwdt_interrupt_enable), (24 bytes).
    Removing at32f421_wwdt.o(i.wwdt_interrupt_flag_get), (36 bytes).
    Removing at32f421_wwdt.o(i.wwdt_reset), (24 bytes).
    Removing at32f421_wwdt.o(i.wwdt_window_counter_set), (20 bytes).
    Removing at32f421_crm.o(.rev16_text), (4 bytes).
    Removing at32f421_crm.o(.revsh_text), (4 bytes).
    Removing at32f421_crm.o(.rrx_text), (6 bytes).
    Removing at32f421_crm.o(i.crm_adc_clock_div_set), (32 bytes).
    Removing at32f421_crm.o(i.crm_ahb_div_set), (20 bytes).
    Removing at32f421_crm.o(i.crm_apb1_div_set), (20 bytes).
    Removing at32f421_crm.o(i.crm_apb2_div_set), (20 bytes).
    Removing at32f421_crm.o(i.crm_auto_step_mode_enable), (40 bytes).
    Removing at32f421_crm.o(i.crm_battery_powered_domain_reset), (20 bytes).
    Removing at32f421_crm.o(i.crm_clkout_div_set), (20 bytes).
    Removing at32f421_crm.o(i.crm_clock_failure_detection_enable), (20 bytes).
    Removing at32f421_crm.o(i.crm_clock_out_set), (32 bytes).
    Removing at32f421_crm.o(i.crm_clock_source_enable), (96 bytes).
    Removing at32f421_crm.o(i.crm_clocks_freq_get), (428 bytes).
    Removing at32f421_crm.o(i.crm_ertc_clock_enable), (20 bytes).
    Removing at32f421_crm.o(i.crm_ertc_clock_select), (20 bytes).
    Removing at32f421_crm.o(i.crm_flag_clear), (212 bytes).
    Removing at32f421_crm.o(i.crm_flag_get), (48 bytes).
    Removing at32f421_crm.o(i.crm_hext_bypass), (20 bytes).
    Removing at32f421_crm.o(i.crm_hext_stable_wait), (46 bytes).
    Removing at32f421_crm.o(i.crm_hick_clock_calibration_set), (40 bytes).
    Removing at32f421_crm.o(i.crm_hick_clock_trimming_set), (20 bytes).
    Removing at32f421_crm.o(i.crm_hick_divider_select), (20 bytes).
    Removing at32f421_crm.o(i.crm_hick_sclk_frequency_select), (28 bytes).
    Removing at32f421_crm.o(i.crm_interrupt_enable), (32 bytes).
    Removing at32f421_crm.o(i.crm_interrupt_flag_get), (176 bytes).
    Removing at32f421_crm.o(i.crm_lext_bypass), (20 bytes).
    Removing at32f421_crm.o(i.crm_periph_clock_enable), (68 bytes).
    Removing at32f421_crm.o(i.crm_periph_reset), (68 bytes).
    Removing at32f421_crm.o(i.crm_periph_sleep_mode_clock_enable), (68 bytes).
    Removing at32f421_crm.o(i.crm_pll_config), (276 bytes).
    Removing at32f421_crm.o(i.crm_pll_config2), (132 bytes).
    Removing at32f421_crm.o(i.crm_reset), (100 bytes).
    Removing at32f421_crm.o(i.crm_sysclk_switch), (60 bytes).
    Removing at32f421_crm.o(i.crm_sysclk_switch_status_get), (16 bytes).
    Removing at32f421_crm.o(.constdata), (40 bytes).
    Removing at32f421_misc.o(.rev16_text), (4 bytes).
    Removing at32f421_misc.o(.revsh_text), (4 bytes).
    Removing at32f421_misc.o(.rrx_text), (6 bytes).
    Removing at32f421_misc.o(i.nvic_irq_disable), (44 bytes).
    Removing at32f421_misc.o(i.nvic_irq_enable), (200 bytes).
    Removing at32f421_misc.o(i.nvic_lowpower_mode_config), (32 bytes).
    Removing at32f421_misc.o(i.nvic_priority_group_config), (40 bytes).
    Removing at32f421_misc.o(i.nvic_system_reset), (44 bytes).
    Removing at32f421_misc.o(i.nvic_vector_table_set), (20 bytes).
    Removing at32f421_misc.o(i.systick_clock_source_config), (40 bytes).

467 unused section(s) (total 17668 bytes) removed from the image.

==============================================================================

Image Symbol Table

    Local Symbols

    Symbol Name                              Value     Ov Type        Size  Object(Section)

    ../clib/angel/boardlib.s                 0x00000000   Number         0  boardshut.o ABSOLUTE
    ../clib/angel/boardlib.s                 0x00000000   Number         0  boardinit3.o ABSOLUTE
    ../clib/angel/boardlib.s                 0x00000000   Number         0  boardinit2.o ABSOLUTE
    ../clib/angel/boardlib.s                 0x00000000   Number         0  boardinit1.o ABSOLUTE
    ../clib/angel/handlers.s                 0x00000000   Number         0  __scatter_zi.o ABSOLUTE
    ../clib/angel/kernel.s                   0x00000000   Number         0  __rtentry2.o ABSOLUTE
    ../clib/angel/kernel.s                   0x00000000   Number         0  __rtentry.o ABSOLUTE
    ../clib/angel/kernel.s                   0x00000000   Number         0  rtexit.o ABSOLUTE
    ../clib/angel/kernel.s                   0x00000000   Number         0  __rtentry4.o ABSOLUTE
    ../clib/angel/kernel.s                   0x00000000   Number         0  rtexit2.o ABSOLUTE
    ../clib/angel/rt.s                       0x00000000   Number         0  rt_raise.o ABSOLUTE
    ../clib/angel/rt.s                       0x00000000   Number         0  aeabi_ldiv0.o ABSOLUTE
    ../clib/angel/rt.s                       0x00000000   Number         0  aeabi_ldiv0_sigfpe.o ABSOLUTE
    ../clib/angel/rt.s                       0x00000000   Number         0  rt_div0.o ABSOLUTE
    ../clib/angel/scatter.s                  0x00000000   Number         0  __scatter.o ABSOLUTE
    ../clib/angel/startup.s                  0x00000000   Number         0  __main.o ABSOLUTE
    ../clib/angel/sys.s                      0x00000000   Number         0  indicate_semi.o ABSOLUTE
    ../clib/angel/sys.s                      0x00000000   Number         0  use_no_semi.o ABSOLUTE
    ../clib/angel/sys.s                      0x00000000   Number         0  libspace.o ABSOLUTE
    ../clib/angel/sys.s                      0x00000000   Number         0  sys_stackheap_outer.o ABSOLUTE
    ../clib/angel/sysapp.c                   0x00000000   Number         0  sys_wrch.o ABSOLUTE
    ../clib/angel/sysapp.c                   0x00000000   Number         0  sys_exit.o ABSOLUTE
    ../clib/angel/sysapp.c                   0x00000000   Number         0  sys_command.o ABSOLUTE
    ../clib/armsys.c                         0x00000000   Number         0  no_argv.o ABSOLUTE
    ../clib/armsys.c                         0x00000000   Number         0  _get_argv_nomalloc.o ABSOLUTE
    ../clib/armsys.c                         0x00000000   Number         0  argv_veneer.o ABSOLUTE
    ../clib/armsys.c                         0x00000000   Number         0  argv_veneer.o ABSOLUTE
    ../clib/heapalloc.c                      0x00000000   Number         0  hrguard.o ABSOLUTE
    ../clib/heapaux.c                        0x00000000   Number         0  heapauxi.o ABSOLUTE
    ../clib/libinit.s                        0x00000000   Number         0  libinit.o ABSOLUTE
    ../clib/libinit.s                        0x00000000   Number         0  libshutdown.o ABSOLUTE
    ../clib/libinit.s                        0x00000000   Number         0  libinit2.o ABSOLUTE
    ../clib/libinit.s                        0x00000000   Number         0  libshutdown2.o ABSOLUTE
    ../clib/longlong.s                       0x00000000   Number         0  lludivv7m.o ABSOLUTE
    ../clib/signal.c                         0x00000000   Number         0  defsig_fpe_outer.o ABSOLUTE
    ../clib/signal.c                         0x00000000   Number         0  defsig_rtmem_inner.o ABSOLUTE
    ../clib/signal.c                         0x00000000   Number         0  defsig_rtmem_outer.o ABSOLUTE
    ../clib/signal.c                         0x00000000   Number         0  defsig_fpe_formal.o ABSOLUTE
    ../clib/signal.c                         0x00000000   Number         0  defsig_rtred_inner.o ABSOLUTE
    ../clib/signal.c                         0x00000000   Number         0  __raise.o ABSOLUTE
    ../clib/signal.c                         0x00000000   Number         0  defsig_general.o ABSOLUTE
    ../clib/signal.c                         0x00000000   Number         0  defsig_rtmem_formal.o ABSOLUTE
    ../clib/signal.c                         0x00000000   Number         0  defsig_stak_inner.o ABSOLUTE
    ../clib/signal.c                         0x00000000   Number         0  defsig_pvfn_inner.o ABSOLUTE
    ../clib/signal.c                         0x00000000   Number         0  defsig_fpe_inner.o ABSOLUTE
    ../clib/signal.c                         0x00000000   Number         0  defsig_cppl_inner.o ABSOLUTE
    ../clib/signal.c                         0x00000000   Number         0  defsig_segv_inner.o ABSOLUTE
    ../clib/signal.c                         0x00000000   Number         0  defsig_other.o ABSOLUTE
    ../clib/signal.c                         0x00000000   Number         0  defsig_abrt_inner.o ABSOLUTE
    ../clib/signal.c                         0x00000000   Number         0  defsig_exit.o ABSOLUTE
    ../clib/signal.s                         0x00000000   Number         0  defsig.o ABSOLUTE
    ../clib/stdlib.c                         0x00000000   Number         0  exit.o ABSOLUTE
    ../fplib/fpinit.s                        0x00000000   Number         0  fpinit.o ABSOLUTE
    CMSIS\\system_at32f421.c                 0x00000000   Number         0  system_at32f421.o ABSOLUTE
    CMSIS\startup_at32f421.s                 0x00000000   Number         0  startup_at32f421.o ABSOLUTE
    CMSIS\system_at32f421.c                  0x00000000   Number         0  system_at32f421.o ABSOLUTE
    Library\\src\\at32f421_adc.c             0x00000000   Number         0  at32f421_adc.o ABSOLUTE
    Library\\src\\at32f421_cmp.c             0x00000000   Number         0  at32f421_cmp.o ABSOLUTE
    Library\\src\\at32f421_crc.c             0x00000000   Number         0  at32f421_crc.o ABSOLUTE
    Library\\src\\at32f421_crm.c             0x00000000   Number         0  at32f421_crm.o ABSOLUTE
    Library\\src\\at32f421_debug.c           0x00000000   Number         0  at32f421_debug.o ABSOLUTE
    Library\\src\\at32f421_dma.c             0x00000000   Number         0  at32f421_dma.o ABSOLUTE
    Library\\src\\at32f421_ertc.c            0x00000000   Number         0  at32f421_ertc.o ABSOLUTE
    Library\\src\\at32f421_exint.c           0x00000000   Number         0  at32f421_exint.o ABSOLUTE
    Library\\src\\at32f421_flash.c           0x00000000   Number         0  at32f421_flash.o ABSOLUTE
    Library\\src\\at32f421_gpio.c            0x00000000   Number         0  at32f421_gpio.o ABSOLUTE
    Library\\src\\at32f421_i2c.c             0x00000000   Number         0  at32f421_i2c.o ABSOLUTE
    Library\\src\\at32f421_misc.c            0x00000000   Number         0  at32f421_misc.o ABSOLUTE
    Library\\src\\at32f421_pwc.c             0x00000000   Number         0  at32f421_pwc.o ABSOLUTE
    Library\\src\\at32f421_scfg.c            0x00000000   Number         0  at32f421_scfg.o ABSOLUTE
    Library\\src\\at32f421_spi.c             0x00000000   Number         0  at32f421_spi.o ABSOLUTE
    Library\\src\\at32f421_tmr.c             0x00000000   Number         0  at32f421_tmr.o ABSOLUTE
    Library\\src\\at32f421_usart.c           0x00000000   Number         0  at32f421_usart.o ABSOLUTE
    Library\\src\\at32f421_wdt.c             0x00000000   Number         0  at32f421_wdt.o ABSOLUTE
    Library\\src\\at32f421_wwdt.c            0x00000000   Number         0  at32f421_wwdt.o ABSOLUTE
    Library\src\at32f421_adc.c               0x00000000   Number         0  at32f421_adc.o ABSOLUTE
    Library\src\at32f421_cmp.c               0x00000000   Number         0  at32f421_cmp.o ABSOLUTE
    Library\src\at32f421_crc.c               0x00000000   Number         0  at32f421_crc.o ABSOLUTE
    Library\src\at32f421_crm.c               0x00000000   Number         0  at32f421_crm.o ABSOLUTE
    Library\src\at32f421_debug.c             0x00000000   Number         0  at32f421_debug.o ABSOLUTE
    Library\src\at32f421_dma.c               0x00000000   Number         0  at32f421_dma.o ABSOLUTE
    Library\src\at32f421_ertc.c              0x00000000   Number         0  at32f421_ertc.o ABSOLUTE
    Library\src\at32f421_exint.c             0x00000000   Number         0  at32f421_exint.o ABSOLUTE
    Library\src\at32f421_flash.c             0x00000000   Number         0  at32f421_flash.o ABSOLUTE
    Library\src\at32f421_gpio.c              0x00000000   Number         0  at32f421_gpio.o ABSOLUTE
    Library\src\at32f421_i2c.c               0x00000000   Number         0  at32f421_i2c.o ABSOLUTE
    Library\src\at32f421_misc.c              0x00000000   Number         0  at32f421_misc.o ABSOLUTE
    Library\src\at32f421_pwc.c               0x00000000   Number         0  at32f421_pwc.o ABSOLUTE
    Library\src\at32f421_scfg.c              0x00000000   Number         0  at32f421_scfg.o ABSOLUTE
    Library\src\at32f421_spi.c               0x00000000   Number         0  at32f421_spi.o ABSOLUTE
    Library\src\at32f421_tmr.c               0x00000000   Number         0  at32f421_tmr.o ABSOLUTE
    Library\src\at32f421_usart.c             0x00000000   Number         0  at32f421_usart.o ABSOLUTE
    Library\src\at32f421_wdt.c               0x00000000   Number         0  at32f421_wdt.o ABSOLUTE
    Library\src\at32f421_wwdt.c              0x00000000   Number         0  at32f421_wwdt.o ABSOLUTE
    USER\\at32f421_clock.c                   0x00000000   Number         0  at32f421_clock.o ABSOLUTE
    USER\\at32f421_int.c                     0x00000000   Number         0  at32f421_int.o ABSOLUTE
    USER\\main.c                             0x00000000   Number         0  main.o ABSOLUTE
    USER\at32f421_clock.c                    0x00000000   Number         0  at32f421_clock.o ABSOLUTE
    USER\at32f421_int.c                      0x00000000   Number         0  at32f421_int.o ABSOLUTE
    USER\main.c                              0x00000000   Number         0  main.o ABSOLUTE
    dc.s                                     0x00000000   Number         0  dc.o ABSOLUTE
    RESET                                    0x08000000   Section      204  startup_at32f421.o(RESET)
    !!!main                                  0x080000cc   Section        8  __main.o(!!!main)
    !!!scatter                               0x080000d4   Section       52  __scatter.o(!!!scatter)
    !!handler_zi                             0x08000108   Section       28  __scatter_zi.o(!!handler_zi)
    .ARM.Collect$$libinit$$00000000          0x08000124   Section        2  libinit.o(.ARM.Collect$$libinit$$00000000)
    .ARM.Collect$$libinit$$00000002          0x08000126   Section        0  libinit2.o(.ARM.Collect$$libinit$$00000002)
    .ARM.Collect$$libinit$$00000004          0x08000126   Section        0  libinit2.o(.ARM.Collect$$libinit$$00000004)
    .ARM.Collect$$libinit$$0000000A          0x08000126   Section        0  libinit2.o(.ARM.Collect$$libinit$$0000000A)
    .ARM.Collect$$libinit$$0000000C          0x08000126   Section        0  libinit2.o(.ARM.Collect$$libinit$$0000000C)
    .ARM.Collect$$libinit$$0000000E          0x08000126   Section        0  libinit2.o(.ARM.Collect$$libinit$$0000000E)
    .ARM.Collect$$libinit$$00000011          0x08000126   Section        0  libinit2.o(.ARM.Collect$$libinit$$00000011)
    .ARM.Collect$$libinit$$00000013          0x08000126   Section        0  libinit2.o(.ARM.Collect$$libinit$$00000013)
    .ARM.Collect$$libinit$$00000015          0x08000126   Section        0  libinit2.o(.ARM.Collect$$libinit$$00000015)
    .ARM.Collect$$libinit$$00000017          0x08000126   Section        0  libinit2.o(.ARM.Collect$$libinit$$00000017)
    .ARM.Collect$$libinit$$00000019          0x08000126   Section        0  libinit2.o(.ARM.Collect$$libinit$$00000019)
    .ARM.Collect$$libinit$$0000001B          0x08000126   Section        0  libinit2.o(.ARM.Collect$$libinit$$0000001B)
    .ARM.Collect$$libinit$$0000001D          0x08000126   Section        0  libinit2.o(.ARM.Collect$$libinit$$0000001D)
    .ARM.Collect$$libinit$$0000001F          0x08000126   Section        0  libinit2.o(.ARM.Collect$$libinit$$0000001F)
    .ARM.Collect$$libinit$$00000021          0x08000126   Section        0  libinit2.o(.ARM.Collect$$libinit$$00000021)
    .ARM.Collect$$libinit$$00000023          0x08000126   Section        0  libinit2.o(.ARM.Collect$$libinit$$00000023)
    .ARM.Collect$$libinit$$00000025          0x08000126   Section        0  libinit2.o(.ARM.Collect$$libinit$$00000025)
    .ARM.Collect$$libinit$$0000002C          0x08000126   Section        0  libinit2.o(.ARM.Collect$$libinit$$0000002C)
    .ARM.Collect$$libinit$$0000002E          0x08000126   Section        0  libinit2.o(.ARM.Collect$$libinit$$0000002E)
    .ARM.Collect$$libinit$$00000030          0x08000126   Section        0  libinit2.o(.ARM.Collect$$libinit$$00000030)
    .ARM.Collect$$libinit$$00000032          0x08000126   Section        0  libinit2.o(.ARM.Collect$$libinit$$00000032)
    .ARM.Collect$$libinit$$00000033          0x08000126   Section        2  libinit2.o(.ARM.Collect$$libinit$$00000033)
    .ARM.Collect$$libshutdown$$00000000      0x08000128   Section        2  libshutdown.o(.ARM.Collect$$libshutdown$$00000000)
    .ARM.Collect$$libshutdown$$00000002      0x0800012a   Section        0  libshutdown2.o(.ARM.Collect$$libshutdown$$00000002)
    .ARM.Collect$$libshutdown$$00000004      0x0800012a   Section        0  libshutdown2.o(.ARM.Collect$$libshutdown$$00000004)
    .ARM.Collect$$libshutdown$$00000006      0x0800012a   Section        0  libshutdown2.o(.ARM.Collect$$libshutdown$$00000006)
    .ARM.Collect$$libshutdown$$00000009      0x0800012a   Section        0  libshutdown2.o(.ARM.Collect$$libshutdown$$00000009)
    .ARM.Collect$$libshutdown$$0000000C      0x0800012a   Section        0  libshutdown2.o(.ARM.Collect$$libshutdown$$0000000C)
    .ARM.Collect$$libshutdown$$0000000E      0x0800012a   Section        0  libshutdown2.o(.ARM.Collect$$libshutdown$$0000000E)
    .ARM.Collect$$libshutdown$$00000011      0x0800012a   Section        0  libshutdown2.o(.ARM.Collect$$libshutdown$$00000011)
    .ARM.Collect$$libshutdown$$00000012      0x0800012a   Section        2  libshutdown2.o(.ARM.Collect$$libshutdown$$00000012)
    .ARM.Collect$$rtentry$$00000000          0x0800012c   Section        0  __rtentry.o(.ARM.Collect$$rtentry$$00000000)
    .ARM.Collect$$rtentry$$00000002          0x0800012c   Section        0  __rtentry2.o(.ARM.Collect$$rtentry$$00000002)
    .ARM.Collect$$rtentry$$00000004          0x0800012c   Section        6  __rtentry4.o(.ARM.Collect$$rtentry$$00000004)
    .ARM.Collect$$rtentry$$00000009          0x08000132   Section        0  __rtentry2.o(.ARM.Collect$$rtentry$$00000009)
    .ARM.Collect$$rtentry$$0000000A          0x08000132   Section        4  __rtentry2.o(.ARM.Collect$$rtentry$$0000000A)
    .ARM.Collect$$rtentry$$0000000C          0x08000136   Section        0  __rtentry2.o(.ARM.Collect$$rtentry$$0000000C)
    .ARM.Collect$$rtentry$$0000000D          0x08000136   Section        8  __rtentry2.o(.ARM.Collect$$rtentry$$0000000D)
    .ARM.Collect$$rtexit$$00000000           0x0800013e   Section        2  rtexit.o(.ARM.Collect$$rtexit$$00000000)
    .ARM.Collect$$rtexit$$00000002           0x08000140   Section        0  rtexit2.o(.ARM.Collect$$rtexit$$00000002)
    .ARM.Collect$$rtexit$$00000003           0x08000140   Section        4  rtexit2.o(.ARM.Collect$$rtexit$$00000003)
    .ARM.Collect$$rtexit$$00000004           0x08000144   Section        6  rtexit2.o(.ARM.Collect$$rtexit$$00000004)
    .text                                    0x0800014c   Section       64  startup_at32f421.o(.text)
    .text                                    0x0800018c   Section        0  heapauxi.o(.text)
    .text                                    0x08000192   Section       74  sys_stackheap_outer.o(.text)
    .text                                    0x080001dc   Section        0  exit.o(.text)
    .text                                    0x080001f0   Section        8  libspace.o(.text)
    .text                                    0x080001f8   Section        0  sys_exit.o(.text)
    .text                                    0x08000204   Section        2  use_no_semi.o(.text)
    .text                                    0x08000206   Section        0  indicate_semi.o(.text)
    i.BusFault_Handler                       0x08000206   Section        0  at32f421_int.o(i.BusFault_Handler)
    i.DebugMon_Handler                       0x0800020a   Section        0  at32f421_int.o(i.DebugMon_Handler)
    i.HardFault_Handler                      0x0800020c   Section        0  at32f421_int.o(i.HardFault_Handler)
    i.MemManage_Handler                      0x08000210   Section        0  at32f421_int.o(i.MemManage_Handler)
    i.NMI_Handler                            0x08000214   Section        0  at32f421_int.o(i.NMI_Handler)
    i.PendSV_Handler                         0x08000216   Section        0  at32f421_int.o(i.PendSV_Handler)
    i.SVC_Handler                            0x08000218   Section        0  at32f421_int.o(i.SVC_Handler)
    i.SysTick_Handler                        0x0800021a   Section        0  at32f421_int.o(i.SysTick_Handler)
    i.SystemInit                             0x0800021c   Section        0  system_at32f421.o(i.SystemInit)
    i.UsageFault_Handler                     0x08000288   Section        0  at32f421_int.o(i.UsageFault_Handler)
    i.main                                   0x0800028c   Section        0  main.o(i.main)
    .bss                                     0x20000000   Section       96  libspace.o(.bss)
    HEAP                                     0x20000060   Section      512  startup_at32f421.o(HEAP)
    Heap_Mem                                 0x20000060   Data         512  startup_at32f421.o(HEAP)
    STACK                                    0x20000260   Section     1024  startup_at32f421.o(STACK)
    Stack_Mem                                0x20000260   Data        1024  startup_at32f421.o(STACK)
    __initial_sp                             0x20000660   Data           0  startup_at32f421.o(STACK)

    Global Symbols

    Symbol Name                              Value     Ov Type        Size  Object(Section)

    BuildAttributes$$THM_ISAv4$E$P$D$K$B$S$7EM$PE$A:L22UL41UL21$X:L11$S22US41US21$IEEE1$IW$USESV6$~STKCKD$USESV7$~SHL$OSPACE$ROPI$EBA8$UX$STANDARDLIB$REQ8$PRES8$EABIv2 0x00000000   Number         0  anon$$obj.o ABSOLUTE
    __ARM_use_no_argv                        0x00000000   Number         0  main.o ABSOLUTE
    __ARM_exceptions_init                     - Undefined Weak Reference
    __alloca_initialize                       - Undefined Weak Reference
    __arm_fini_                               - Undefined Weak Reference
    __arm_preinit_                            - Undefined Weak Reference
    __cpp_initialize__aeabi_                  - Undefined Weak Reference
    __cxa_finalize                            - Undefined Weak Reference
    __rt_locale                               - Undefined Weak Reference
    __sigvec_lookup                           - Undefined Weak Reference
    _atexit_init                              - Undefined Weak Reference
    _call_atexit_fns                          - Undefined Weak Reference
    _clock_init                               - Undefined Weak Reference
    _fp_trap_init                             - Undefined Weak Reference
    _fp_trap_shutdown                         - Undefined Weak Reference
    _get_lc_collate                           - Undefined Weak Reference
    _get_lc_ctype                             - Undefined Weak Reference
    _get_lc_monetary                          - Undefined Weak Reference
    _get_lc_numeric                           - Undefined Weak Reference
    _get_lc_time                              - Undefined Weak Reference
    _getenv_init                              - Undefined Weak Reference
    _handle_redirection                       - Undefined Weak Reference
    _init_alloc                               - Undefined Weak Reference
    _init_user_alloc                          - Undefined Weak Reference
    _initio                                   - Undefined Weak Reference
    _rand_init                                - Undefined Weak Reference
    _signal_finish                            - Undefined Weak Reference
    _signal_init                              - Undefined Weak Reference
    _terminate_alloc                          - Undefined Weak Reference
    _terminate_user_alloc                     - Undefined Weak Reference
    _terminateio                              - Undefined Weak Reference
    __Vectors_Size                           0x000000cc   Number         0  startup_at32f421.o ABSOLUTE
    __Vectors                                0x08000000   Data           4  startup_at32f421.o(RESET)
    __Vectors_End                            0x080000cc   Data           0  startup_at32f421.o(RESET)
    __main                                   0x080000cd   Thumb Code     8  __main.o(!!!main)
    __scatterload                            0x080000d5   Thumb Code     0  __scatter.o(!!!scatter)
    __scatterload_rt2                        0x080000d5   Thumb Code    44  __scatter.o(!!!scatter)
    __scatterload_rt2_thumb_only             0x080000d5   Thumb Code     0  __scatter.o(!!!scatter)
    __scatterload_null                       0x080000e3   Thumb Code     0  __scatter.o(!!!scatter)
    __scatterload_zeroinit                   0x08000109   Thumb Code    28  __scatter_zi.o(!!handler_zi)
    __rt_lib_init                            0x08000125   Thumb Code     0  libinit.o(.ARM.Collect$$libinit$$00000000)
    __rt_lib_init_alloca_1                   0x08000127   Thumb Code     0  libinit2.o(.ARM.Collect$$libinit$$0000002E)
    __rt_lib_init_argv_1                     0x08000127   Thumb Code     0  libinit2.o(.ARM.Collect$$libinit$$0000002C)
    __rt_lib_init_atexit_1                   0x08000127   Thumb Code     0  libinit2.o(.ARM.Collect$$libinit$$0000001B)
    __rt_lib_init_clock_1                    0x08000127   Thumb Code     0  libinit2.o(.ARM.Collect$$libinit$$00000021)
    __rt_lib_init_cpp_1                      0x08000127   Thumb Code     0  libinit2.o(.ARM.Collect$$libinit$$00000032)
    __rt_lib_init_exceptions_1               0x08000127   Thumb Code     0  libinit2.o(.ARM.Collect$$libinit$$00000030)
    __rt_lib_init_fp_1                       0x08000127   Thumb Code     0  libinit2.o(.ARM.Collect$$libinit$$00000002)
    __rt_lib_init_fp_trap_1                  0x08000127   Thumb Code     0  libinit2.o(.ARM.Collect$$libinit$$0000001F)
    __rt_lib_init_getenv_1                   0x08000127   Thumb Code     0  libinit2.o(.ARM.Collect$$libinit$$00000023)
    __rt_lib_init_heap_1                     0x08000127   Thumb Code     0  libinit2.o(.ARM.Collect$$libinit$$0000000A)
    __rt_lib_init_lc_collate_1               0x08000127   Thumb Code     0  libinit2.o(.ARM.Collect$$libinit$$00000011)
    __rt_lib_init_lc_ctype_1                 0x08000127   Thumb Code     0  libinit2.o(.ARM.Collect$$libinit$$00000013)
    __rt_lib_init_lc_monetary_1              0x08000127   Thumb Code     0  libinit2.o(.ARM.Collect$$libinit$$00000015)
    __rt_lib_init_lc_numeric_1               0x08000127   Thumb Code     0  libinit2.o(.ARM.Collect$$libinit$$00000017)
    __rt_lib_init_lc_time_1                  0x08000127   Thumb Code     0  libinit2.o(.ARM.Collect$$libinit$$00000019)
    __rt_lib_init_preinit_1                  0x08000127   Thumb Code     0  libinit2.o(.ARM.Collect$$libinit$$00000004)
    __rt_lib_init_rand_1                     0x08000127   Thumb Code     0  libinit2.o(.ARM.Collect$$libinit$$0000000E)
    __rt_lib_init_return                     0x08000127   Thumb Code     0  libinit2.o(.ARM.Collect$$libinit$$00000033)
    __rt_lib_init_signal_1                   0x08000127   Thumb Code     0  libinit2.o(.ARM.Collect$$libinit$$0000001D)
    __rt_lib_init_stdio_1                    0x08000127   Thumb Code     0  libinit2.o(.ARM.Collect$$libinit$$00000025)
    __rt_lib_init_user_alloc_1               0x08000127   Thumb Code     0  libinit2.o(.ARM.Collect$$libinit$$0000000C)
    __rt_lib_shutdown                        0x08000129   Thumb Code     0  libshutdown.o(.ARM.Collect$$libshutdown$$00000000)
    __rt_lib_shutdown_cpp_1                  0x0800012b   Thumb Code     0  libshutdown2.o(.ARM.Collect$$libshutdown$$00000004)
    __rt_lib_shutdown_fini_1                 0x0800012b   Thumb Code     0  libshutdown2.o(.ARM.Collect$$libshutdown$$00000002)
    __rt_lib_shutdown_fp_trap_1              0x0800012b   Thumb Code     0  libshutdown2.o(.ARM.Collect$$libshutdown$$00000009)
    __rt_lib_shutdown_heap_1                 0x0800012b   Thumb Code     0  libshutdown2.o(.ARM.Collect$$libshutdown$$00000011)
    __rt_lib_shutdown_return                 0x0800012b   Thumb Code     0  libshutdown2.o(.ARM.Collect$$libshutdown$$00000012)
    __rt_lib_shutdown_signal_1               0x0800012b   Thumb Code     0  libshutdown2.o(.ARM.Collect$$libshutdown$$0000000C)
    __rt_lib_shutdown_stdio_1                0x0800012b   Thumb Code     0  libshutdown2.o(.ARM.Collect$$libshutdown$$00000006)
    __rt_lib_shutdown_user_alloc_1           0x0800012b   Thumb Code     0  libshutdown2.o(.ARM.Collect$$libshutdown$$0000000E)
    __rt_entry                               0x0800012d   Thumb Code     0  __rtentry.o(.ARM.Collect$$rtentry$$00000000)
    __rt_entry_presh_1                       0x0800012d   Thumb Code     0  __rtentry2.o(.ARM.Collect$$rtentry$$00000002)
    __rt_entry_sh                            0x0800012d   Thumb Code     0  __rtentry4.o(.ARM.Collect$$rtentry$$00000004)
    __rt_entry_li                            0x08000133   Thumb Code     0  __rtentry2.o(.ARM.Collect$$rtentry$$0000000A)
    __rt_entry_postsh_1                      0x08000133   Thumb Code     0  __rtentry2.o(.ARM.Collect$$rtentry$$00000009)
    __rt_entry_main                          0x08000137   Thumb Code     0  __rtentry2.o(.ARM.Collect$$rtentry$$0000000D)
    __rt_entry_postli_1                      0x08000137   Thumb Code     0  __rtentry2.o(.ARM.Collect$$rtentry$$0000000C)
    __rt_exit                                0x0800013f   Thumb Code     0  rtexit.o(.ARM.Collect$$rtexit$$00000000)
    __rt_exit_ls                             0x08000141   Thumb Code     0  rtexit2.o(.ARM.Collect$$rtexit$$00000003)
    __rt_exit_prels_1                        0x08000141   Thumb Code     0  rtexit2.o(.ARM.Collect$$rtexit$$00000002)
    __rt_exit_exit                           0x08000145   Thumb Code     0  rtexit2.o(.ARM.Collect$$rtexit$$00000004)
    Reset_Handler                            0x0800014d   Thumb Code     8  startup_at32f421.o(.text)
    ADC1_CMP_IRQHandler                      0x08000167   Thumb Code     0  startup_at32f421.o(.text)
    CRM_IRQHandler                           0x08000167   Thumb Code     0  startup_at32f421.o(.text)
    DMA1_Channel1_IRQHandler                 0x08000167   Thumb Code     0  startup_at32f421.o(.text)
    DMA1_Channel3_2_IRQHandler               0x08000167   Thumb Code     0  startup_at32f421.o(.text)
    DMA1_Channel5_4_IRQHandler               0x08000167   Thumb Code     0  startup_at32f421.o(.text)
    ERTC_IRQHandler                          0x08000167   Thumb Code     0  startup_at32f421.o(.text)
    EXINT15_4_IRQHandler                     0x08000167   Thumb Code     0  startup_at32f421.o(.text)
    EXINT1_0_IRQHandler                      0x08000167   Thumb Code     0  startup_at32f421.o(.text)
    EXINT3_2_IRQHandler                      0x08000167   Thumb Code     0  startup_at32f421.o(.text)
    FLASH_IRQHandler                         0x08000167   Thumb Code     0  startup_at32f421.o(.text)
    I2C1_ERR_IRQHandler                      0x08000167   Thumb Code     0  startup_at32f421.o(.text)
    I2C1_EVT_IRQHandler                      0x08000167   Thumb Code     0  startup_at32f421.o(.text)
    I2C2_ERR_IRQHandler                      0x08000167   Thumb Code     0  startup_at32f421.o(.text)
    I2C2_EVT_IRQHandler                      0x08000167   Thumb Code     0  startup_at32f421.o(.text)
    PVM_IRQHandler                           0x08000167   Thumb Code     0  startup_at32f421.o(.text)
    SPI1_IRQHandler                          0x08000167   Thumb Code     0  startup_at32f421.o(.text)
    SPI2_IRQHandler                          0x08000167   Thumb Code     0  startup_at32f421.o(.text)
    TMR14_GLOBAL_IRQHandler                  0x08000167   Thumb Code     0  startup_at32f421.o(.text)
    TMR15_GLOBAL_IRQHandler                  0x08000167   Thumb Code     0  startup_at32f421.o(.text)
    TMR16_GLOBAL_IRQHandler                  0x08000167   Thumb Code     0  startup_at32f421.o(.text)
    TMR17_GLOBAL_IRQHandler                  0x08000167   Thumb Code     0  startup_at32f421.o(.text)
    TMR1_BRK_OVF_TRG_HALL_IRQHandler         0x08000167   Thumb Code     0  startup_at32f421.o(.text)
    TMR1_CH_IRQHandler                       0x08000167   Thumb Code     0  startup_at32f421.o(.text)
    TMR3_GLOBAL_IRQHandler                   0x08000167   Thumb Code     0  startup_at32f421.o(.text)
    TMR6_GLOBAL_IRQHandler                   0x08000167   Thumb Code     0  startup_at32f421.o(.text)
    USART1_IRQHandler                        0x08000167   Thumb Code     0  startup_at32f421.o(.text)
    USART2_IRQHandler                        0x08000167   Thumb Code     0  startup_at32f421.o(.text)
    WWDT_IRQHandler                          0x08000167   Thumb Code     0  startup_at32f421.o(.text)
    __user_initial_stackheap                 0x08000169   Thumb Code     0  startup_at32f421.o(.text)
    __use_two_region_memory                  0x0800018d   Thumb Code     2  heapauxi.o(.text)
    __rt_heap_escrow$2region                 0x0800018f   Thumb Code     2  heapauxi.o(.text)
    __rt_heap_expand$2region                 0x08000191   Thumb Code     2  heapauxi.o(.text)
    __user_setup_stackheap                   0x08000193   Thumb Code    74  sys_stackheap_outer.o(.text)
    exit                                     0x080001dd   Thumb Code    18  exit.o(.text)
    __user_libspace                          0x080001f1   Thumb Code     8  libspace.o(.text)
    __user_perproc_libspace                  0x080001f1   Thumb Code     0  libspace.o(.text)
    __user_perthread_libspace                0x080001f1   Thumb Code     0  libspace.o(.text)
    _sys_exit                                0x080001f9   Thumb Code     8  sys_exit.o(.text)
    __I$use$semihosting                      0x08000205   Thumb Code     0  use_no_semi.o(.text)
    __use_no_semihosting_swi                 0x08000205   Thumb Code     2  use_no_semi.o(.text)
    BusFault_Handler                         0x08000207   Thumb Code     4  at32f421_int.o(i.BusFault_Handler)
    __semihosting_library_function           0x08000207   Thumb Code     0  indicate_semi.o(.text)
    DebugMon_Handler                         0x0800020b   Thumb Code     2  at32f421_int.o(i.DebugMon_Handler)
    HardFault_Handler                        0x0800020d   Thumb Code     4  at32f421_int.o(i.HardFault_Handler)
    MemManage_Handler                        0x08000211   Thumb Code     4  at32f421_int.o(i.MemManage_Handler)
    NMI_Handler                              0x08000215   Thumb Code     2  at32f421_int.o(i.NMI_Handler)
    PendSV_Handler                           0x08000217   Thumb Code     2  at32f421_int.o(i.PendSV_Handler)
    SVC_Handler                              0x08000219   Thumb Code     2  at32f421_int.o(i.SVC_Handler)
    SysTick_Handler                          0x0800021b   Thumb Code     2  at32f421_int.o(i.SysTick_Handler)
    SystemInit                               0x0800021d   Thumb Code    96  system_at32f421.o(i.SystemInit)
    UsageFault_Handler                       0x08000289   Thumb Code     4  at32f421_int.o(i.UsageFault_Handler)
    main                                     0x0800028d   Thumb Code     4  main.o(i.main)
    Region$$Table$$Base                      0x08000290   Number         0  anon$$obj.o(Region$$Table)
    Region$$Table$$Limit                     0x080002a0   Number         0  anon$$obj.o(Region$$Table)
    __libspace_start                         0x20000000   Data          96  libspace.o(.bss)
    __temporary_stack_top$libspace           0x20000060   Data           0  libspace.o(.bss)



==============================================================================

Memory Map of the image

  Image Entry point : 0x080000cd

  Load Region LR_IROM1 (Base: 0x08000000, Size: 0x000002a0, Max: 0x00010000, ABSOLUTE)

    Execution Region ER_IROM1 (Exec base: 0x08000000, Load base: 0x08000000, Size: 0x000002a0, Max: 0x00010000, ABSOLUTE)

    Exec Addr    Load Addr    Size         Type   Attr      Idx    E Section Name        Object

    0x08000000   0x08000000   0x000000cc   Data   RO          221    RESET               startup_at32f421.o
    0x080000cc   0x080000cc   0x00000008   Code   RO         3003  * !!!main             c_w.l(__main.o)
    0x080000d4   0x080000d4   0x00000034   Code   RO         3172    !!!scatter          c_w.l(__scatter.o)
    0x08000108   0x08000108   0x0000001c   Code   RO         3174    !!handler_zi        c_w.l(__scatter_zi.o)
    0x08000124   0x08000124   0x00000002   Code   RO         3040    .ARM.Collect$$libinit$$00000000  c_w.l(libinit.o)
    0x08000126   0x08000126   0x00000000   Code   RO         3053    .ARM.Collect$$libinit$$00000002  c_w.l(libinit2.o)
    0x08000126   0x08000126   0x00000000   Code   RO         3055    .ARM.Collect$$libinit$$00000004  c_w.l(libinit2.o)
    0x08000126   0x08000126   0x00000000   Code   RO         3058    .ARM.Collect$$libinit$$0000000A  c_w.l(libinit2.o)
    0x08000126   0x08000126   0x00000000   Code   RO         3060    .ARM.Collect$$libinit$$0000000C  c_w.l(libinit2.o)
    0x08000126   0x08000126   0x00000000   Code   RO         3062    .ARM.Collect$$libinit$$0000000E  c_w.l(libinit2.o)
    0x08000126   0x08000126   0x00000000   Code   RO         3065    .ARM.Collect$$libinit$$00000011  c_w.l(libinit2.o)
    0x08000126   0x08000126   0x00000000   Code   RO         3067    .ARM.Collect$$libinit$$00000013  c_w.l(libinit2.o)
    0x08000126   0x08000126   0x00000000   Code   RO         3069    .ARM.Collect$$libinit$$00000015  c_w.l(libinit2.o)
    0x08000126   0x08000126   0x00000000   Code   RO         3071    .ARM.Collect$$libinit$$00000017  c_w.l(libinit2.o)
    0x08000126   0x08000126   0x00000000   Code   RO         3073    .ARM.Collect$$libinit$$00000019  c_w.l(libinit2.o)
    0x08000126   0x08000126   0x00000000   Code   RO         3075    .ARM.Collect$$libinit$$0000001B  c_w.l(libinit2.o)
    0x08000126   0x08000126   0x00000000   Code   RO         3077    .ARM.Collect$$libinit$$0000001D  c_w.l(libinit2.o)
    0x08000126   0x08000126   0x00000000   Code   RO         3079    .ARM.Collect$$libinit$$0000001F  c_w.l(libinit2.o)
    0x08000126   0x08000126   0x00000000   Code   RO         3081    .ARM.Collect$$libinit$$00000021  c_w.l(libinit2.o)
    0x08000126   0x08000126   0x00000000   Code   RO         3083    .ARM.Collect$$libinit$$00000023  c_w.l(libinit2.o)
    0x08000126   0x08000126   0x00000000   Code   RO         3085    .ARM.Collect$$libinit$$00000025  c_w.l(libinit2.o)
    0x08000126   0x08000126   0x00000000   Code   RO         3089    .ARM.Collect$$libinit$$0000002C  c_w.l(libinit2.o)
    0x08000126   0x08000126   0x00000000   Code   RO         3091    .ARM.Collect$$libinit$$0000002E  c_w.l(libinit2.o)
    0x08000126   0x08000126   0x00000000   Code   RO         3093    .ARM.Collect$$libinit$$00000030  c_w.l(libinit2.o)
    0x08000126   0x08000126   0x00000000   Code   RO         3095    .ARM.Collect$$libinit$$00000032  c_w.l(libinit2.o)
    0x08000126   0x08000126   0x00000002   Code   RO         3096    .ARM.Collect$$libinit$$00000033  c_w.l(libinit2.o)
    0x08000128   0x08000128   0x00000002   Code   RO         3127    .ARM.Collect$$libshutdown$$00000000  c_w.l(libshutdown.o)
    0x0800012a   0x0800012a   0x00000000   Code   RO         3153    .ARM.Collect$$libshutdown$$00000002  c_w.l(libshutdown2.o)
    0x0800012a   0x0800012a   0x00000000   Code   RO         3155    .ARM.Collect$$libshutdown$$00000004  c_w.l(libshutdown2.o)
    0x0800012a   0x0800012a   0x00000000   Code   RO         3157    .ARM.Collect$$libshutdown$$00000006  c_w.l(libshutdown2.o)
    0x0800012a   0x0800012a   0x00000000   Code   RO         3160    .ARM.Collect$$libshutdown$$00000009  c_w.l(libshutdown2.o)
    0x0800012a   0x0800012a   0x00000000   Code   RO         3163    .ARM.Collect$$libshutdown$$0000000C  c_w.l(libshutdown2.o)
    0x0800012a   0x0800012a   0x00000000   Code   RO         3165    .ARM.Collect$$libshutdown$$0000000E  c_w.l(libshutdown2.o)
    0x0800012a   0x0800012a   0x00000000   Code   RO         3168    .ARM.Collect$$libshutdown$$00000011  c_w.l(libshutdown2.o)
    0x0800012a   0x0800012a   0x00000002   Code   RO         3169    .ARM.Collect$$libshutdown$$00000012  c_w.l(libshutdown2.o)
    0x0800012c   0x0800012c   0x00000000   Code   RO         3005    .ARM.Collect$$rtentry$$00000000  c_w.l(__rtentry.o)
    0x0800012c   0x0800012c   0x00000000   Code   RO         3011    .ARM.Collect$$rtentry$$00000002  c_w.l(__rtentry2.o)
    0x0800012c   0x0800012c   0x00000006   Code   RO         3023    .ARM.Collect$$rtentry$$00000004  c_w.l(__rtentry4.o)
    0x08000132   0x08000132   0x00000000   Code   RO         3013    .ARM.Collect$$rtentry$$00000009  c_w.l(__rtentry2.o)
    0x08000132   0x08000132   0x00000004   Code   RO         3014    .ARM.Collect$$rtentry$$0000000A  c_w.l(__rtentry2.o)
    0x08000136   0x08000136   0x00000000   Code   RO         3016    .ARM.Collect$$rtentry$$0000000C  c_w.l(__rtentry2.o)
    0x08000136   0x08000136   0x00000008   Code   RO         3017    .ARM.Collect$$rtentry$$0000000D  c_w.l(__rtentry2.o)
    0x0800013e   0x0800013e   0x00000002   Code   RO         3044    .ARM.Collect$$rtexit$$00000000  c_w.l(rtexit.o)
    0x08000140   0x08000140   0x00000000   Code   RO         3100    .ARM.Collect$$rtexit$$00000002  c_w.l(rtexit2.o)
    0x08000140   0x08000140   0x00000004   Code   RO         3101    .ARM.Collect$$rtexit$$00000003  c_w.l(rtexit2.o)
    0x08000144   0x08000144   0x00000006   Code   RO         3102    .ARM.Collect$$rtexit$$00000004  c_w.l(rtexit2.o)
    0x0800014a   0x0800014a   0x00000002   PAD
    0x0800014c   0x0800014c   0x00000040   Code   RO          222    .text               startup_at32f421.o
    0x0800018c   0x0800018c   0x00000006   Code   RO         3001    .text               c_w.l(heapauxi.o)
    0x08000192   0x08000192   0x0000004a   Code   RO         3027    .text               c_w.l(sys_stackheap_outer.o)
    0x080001dc   0x080001dc   0x00000012   Code   RO         3029    .text               c_w.l(exit.o)
    0x080001ee   0x080001ee   0x00000002   PAD
    0x080001f0   0x080001f0   0x00000008   Code   RO         3041    .text               c_w.l(libspace.o)
    0x080001f8   0x080001f8   0x0000000c   Code   RO         3097    .text               c_w.l(sys_exit.o)
    0x08000204   0x08000204   0x00000002   Code   RO         3116    .text               c_w.l(use_no_semi.o)
    0x08000206   0x08000206   0x00000000   Code   RO         3118    .text               c_w.l(indicate_semi.o)
    0x08000206   0x08000206   0x00000004   Code   RO          123    i.BusFault_Handler  at32f421_int.o
    0x0800020a   0x0800020a   0x00000002   Code   RO          124    i.DebugMon_Handler  at32f421_int.o
    0x0800020c   0x0800020c   0x00000004   Code   RO          125    i.HardFault_Handler  at32f421_int.o
    0x08000210   0x08000210   0x00000004   Code   RO          126    i.MemManage_Handler  at32f421_int.o
    0x08000214   0x08000214   0x00000002   Code   RO          127    i.NMI_Handler       at32f421_int.o
    0x08000216   0x08000216   0x00000002   Code   RO          128    i.PendSV_Handler    at32f421_int.o
    0x08000218   0x08000218   0x00000002   Code   RO          129    i.SVC_Handler       at32f421_int.o
    0x0800021a   0x0800021a   0x00000002   Code   RO          130    i.SysTick_Handler   at32f421_int.o
    0x0800021c   0x0800021c   0x0000006c   Code   RO          229    i.SystemInit        system_at32f421.o
    0x08000288   0x08000288   0x00000004   Code   RO          131    i.UsageFault_Handler  at32f421_int.o
    0x0800028c   0x0800028c   0x00000004   Code   RO          198    i.main              main.o
    0x08000290   0x08000290   0x00000010   Data   RO         3170    Region$$Table       anon$$obj.o


    Execution Region RW_IRAM1 (Exec base: 0x20000000, Load base: 0x080002a0, Size: 0x00000660, Max: 0x00004000, ABSOLUTE)

    Exec Addr    Load Addr    Size         Type   Attr      Idx    E Section Name        Object

    0x20000000        -       0x00000060   Zero   RW         3042    .bss                c_w.l(libspace.o)
    0x20000060        -       0x00000200   Zero   RW          220    HEAP                startup_at32f421.o
    0x20000260        -       0x00000400   Zero   RW          219    STACK               startup_at32f421.o


==============================================================================

Image component sizes


      Code (inc. data)   RO Data    RW Data    ZI Data      Debug   Object Name

         0          0          0          0          0       1476   at32f421_clock.o
        26          0          0          0          0       3370   at32f421_int.o
         4          0          0          0          0        363   main.o
        64         26        204          0       1536        744   startup_at32f421.o
       108         12          0          0          0        425   system_at32f421.o

    ----------------------------------------------------------------------
       202         38        220          0       1536       6378   Object Totals
         0          0         16          0          0          0   (incl. Generated)
         0          0          0          0          0          0   (incl. Padding)

    ----------------------------------------------------------------------

      Code (inc. data)   RO Data    RW Data    ZI Data      Debug   Library Member Name

         8          0          0          0          0         68   __main.o
         0          0          0          0          0          0   __rtentry.o
        12          0          0          0          0          0   __rtentry2.o
         6          0          0          0          0          0   __rtentry4.o
        52          8          0          0          0          0   __scatter.o
        28          0          0          0          0          0   __scatter_zi.o
        18          0          0          0          0         80   exit.o
         6          0          0          0          0        152   heapauxi.o
         0          0          0          0          0          0   indicate_semi.o
         2          0          0          0          0          0   libinit.o
         2          0          0          0          0          0   libinit2.o
         2          0          0          0          0          0   libshutdown.o
         2          0          0          0          0          0   libshutdown2.o
         8          4          0          0         96         68   libspace.o
         2          0          0          0          0          0   rtexit.o
        10          0          0          0          0          0   rtexit2.o
        12          4          0          0          0         68   sys_exit.o
        74          0          0          0          0         80   sys_stackheap_outer.o
         2          0          0          0          0         68   use_no_semi.o

    ----------------------------------------------------------------------
       250         16          0          0         96        584   Library Totals
         4          0          0          0          0          0   (incl. Padding)

    ----------------------------------------------------------------------

      Code (inc. data)   RO Data    RW Data    ZI Data      Debug   Library Name

       246         16          0          0         96        584   c_w.l

    ----------------------------------------------------------------------
       250         16          0          0         96        584   Library Totals

    ----------------------------------------------------------------------

==============================================================================


      Code (inc. data)   RO Data    RW Data    ZI Data      Debug   

       452         54        220          0       1632       6318   Grand Totals
       452         54        220          0       1632       6318   ELF Image Totals
       452         54        220          0          0          0   ROM Totals

==============================================================================

    Total RO  Size (Code + RO Data)                  672 (   0.66kB)
    Total RW  Size (RW Data + ZI Data)              1632 (   1.59kB)
    Total ROM Size (Code + RO Data + RW Data)        672 (   0.66kB)

==============================================================================

